2026-05-27T20:43:27.858+02:00  INFO 34158 --- [demo] [main] com.zsigmond.analytics.DemoApplication   : Starting DemoApplication using Java 26.0.1 with PID 34158 (/Users/selleizsigmond/Downloads/demo/target/classes started by selleizsigmond in /Users/selleizsigmond/Downloads/demo)
2026-05-27T20:43:27.859+02:00  INFO 34158 --- [demo] [main] com.zsigmond.analytics.DemoApplication   : No active profile set, falling back to 1 default profile: "default"
2026-05-27T20:43:28.016+02:00  INFO 34158 --- [demo] [main] .s.d.r.c.RepositoryConfigurationDelegate : Bootstrapping Spring Data JPA repositories in DEFAULT mode.
2026-05-27T20:43:28.029+02:00  INFO 34158 --- [demo] [main] .s.d.r.c.RepositoryConfigurationDelegate : Finished Spring Data repository scanning in 10 ms. Found 1 JPA repository interface.
2026-05-27T20:43:28.155+02:00  INFO 34158 --- [demo] [main] o.s.boot.tomcat.TomcatWebServer          : Tomcat initialized with port 8081 (http)
2026-05-27T20:43:28.159+02:00  INFO 34158 --- [demo] [main] o.apache.catalina.core.StandardService   : Starting service [Tomcat]
2026-05-27T20:43:28.160+02:00  INFO 34158 --- [demo] [main] o.apache.catalina.core.StandardEngine    : Starting Servlet engine: [Apache Tomcat/11.0.21]
2026-05-27T20:43:28.170+02:00  INFO 34158 --- [demo] [main] b.w.c.s.WebApplicationContextInitializer : Root WebApplicationContext: initialization completed in 299 ms
2026-05-27T20:43:28.213+02:00  INFO 34158 --- [demo] [main] com.zaxxer.hikari.HikariDataSource       : HikariPool-1 - Starting...
2026-05-27T20:43:28.266+02:00  INFO 34158 --- [demo] [main] com.zaxxer.hikari.pool.HikariPool        : HikariPool-1 - Added connection conn0: url=jdbc:h2:mem:00757f89-ac0c-4d3f-aff5-0805264562a0 user=SA
2026-05-27T20:43:28.266+02:00  INFO 34158 --- [demo] [main] com.zaxxer.hikari.HikariDataSource       : HikariPool-1 - Start completed.
2026-05-27T20:43:28.280+02:00  INFO 34158 --- [demo] [main] org.hibernate.orm.jpa                    : HHH008540: Processing PersistenceUnitInfo [name: default]
2026-05-27T20:43:28.298+02:00  INFO 34158 --- [demo] [main] org.hibernate.orm.core                   : HHH000001: Hibernate ORM core version 7.2.12.Final
2026-05-27T20:43:28.415+02:00  INFO 34158 --- [demo] [main] o.s.o.j.p.SpringPersistenceUnitInfo      : No LoadTimeWeaver setup: ignoring JPA class transformer
2026-05-27T20:43:28.441+02:00  INFO 34158 --- [demo] [main] org.hibernate.orm.connections.pooling    : HHH10001005: Database info:
	Database JDBC URL [jdbc:h2:mem:00757f89-ac0c-4d3f-aff5-0805264562a0]
	Database driver: H2 JDBC Driver
	Database dialect: H2Dialect
	Database version: 2.4.240
	Default catalog/schema: 00757F89-AC0C-4D3F-AFF5-0805264562A0/PUBLIC
	Autocommit mode: undefined/unknown
	Isolation level: READ_COMMITTED [default READ_COMMITTED]
	JDBC fetch size: 100
	Pool: DataSourceConnectionProvider
	Minimum pool size: undefined/unknown
	Maximum pool size: undefined/unknown
2026-05-27T20:43:28.631+02:00 DEBUG 34158 --- [demo] [main] org.hibernate.SQL                        : 
    create global temporary table HTE_transactions(amount numeric(38, 2), rn_ integer not null, id bigint, category varchar(255), primary key (rn_)) transactional
2026-05-27T20:43:28.670+02:00  INFO 34158 --- [demo] [main] org.hibernate.orm.core                   : HHH000489: No JTA platform available (set 'hibernate.transaction.jta.platform' to enable JTA platform integration)
2026-05-27T20:43:28.675+02:00 DEBUG 34158 --- [demo] [main] org.hibernate.SQL                        : 
    drop table if exists transactions cascade 
2026-05-27T20:43:28.676+02:00 DEBUG 34158 --- [demo] [main] org.hibernate.SQL                        : 
    drop sequence if exists transactions_seq
2026-05-27T20:43:28.677+02:00 DEBUG 34158 --- [demo] [main] org.hibernate.SQL                        : 
    create sequence transactions_seq start with 1 increment by 50
2026-05-27T20:43:28.678+02:00 DEBUG 34158 --- [demo] [main] org.hibernate.SQL                        : 
    create table transactions (
        amount numeric(38,2),
        id bigint not null,
        category varchar(255),
        primary key (id)
    )
2026-05-27T20:43:28.679+02:00  INFO 34158 --- [demo] [main] j.LocalContainerEntityManagerFactoryBean : Initialized JPA EntityManagerFactory for persistence unit 'default'
2026-05-27T20:43:28.703+02:00  INFO 34158 --- [demo] [main] o.s.d.j.r.query.QueryEnhancerFactories   : Hibernate is in classpath; If applicable, HQL parser will be used.
2026-05-27T20:43:28.742+02:00  WARN 34158 --- [demo] [main] JpaBaseConfiguration$JpaWebConfiguration : spring.jpa.open-in-view is enabled by default. Therefore, database queries may be performed during view rendering. Explicitly configure spring.jpa.open-in-view to disable this warning
2026-05-27T20:43:28.824+02:00  INFO 34158 --- [demo] [main] o.s.boot.tomcat.TomcatWebServer          : Tomcat started on port 8081 (http) with context path '/'
2026-05-27T20:43:28.826+02:00  INFO 34158 --- [demo] [main] com.zsigmond.analytics.DemoApplication   : Started DemoApplication in 1.082 seconds (process running for 1.275)
2026-05-27T20:46:29.745+02:00  INFO 34430 --- [demo] [main] com.zsigmond.analytics.DemoApplication   : Starting DemoApplication using Java 26.0.1 with PID 34430 (/Users/selleizsigmond/Downloads/demo/target/classes started by selleizsigmond in /Users/selleizsigmond/Downloads/demo)
2026-05-27T20:46:29.746+02:00  INFO 34430 --- [demo] [main] com.zsigmond.analytics.DemoApplication   : No active profile set, falling back to 1 default profile: "default"
2026-05-27T20:46:29.907+02:00  INFO 34430 --- [demo] [main] .s.d.r.c.RepositoryConfigurationDelegate : Bootstrapping Spring Data JPA repositories in DEFAULT mode.
2026-05-27T20:46:29.920+02:00  INFO 34430 --- [demo] [main] .s.d.r.c.RepositoryConfigurationDelegate : Finished Spring Data repository scanning in 10 ms. Found 1 JPA repository interface.
2026-05-27T20:46:30.034+02:00  INFO 34430 --- [demo] [main] o.s.boot.tomcat.TomcatWebServer          : Tomcat initialized with port 8081 (http)
2026-05-27T20:46:30.038+02:00  INFO 34430 --- [demo] [main] o.apache.catalina.core.StandardService   : Starting service [Tomcat]
2026-05-27T20:46:30.038+02:00  INFO 34430 --- [demo] [main] o.apache.catalina.core.StandardEngine    : Starting Servlet engine: [Apache Tomcat/11.0.21]
2026-05-27T20:46:30.051+02:00  INFO 34430 --- [demo] [main] b.w.c.s.WebApplicationContextInitializer : Root WebApplicationContext: initialization completed in 292 ms
2026-05-27T20:46:30.094+02:00  INFO 34430 --- [demo] [main] com.zaxxer.hikari.HikariDataSource       : HikariPool-1 - Starting...
2026-05-27T20:46:30.153+02:00  INFO 34430 --- [demo] [main] com.zaxxer.hikari.pool.HikariPool        : HikariPool-1 - Added connection conn0: url=jdbc:h2:mem:773ddc6b-7abc-42ab-8972-8fcd8f75ca59 user=SA
2026-05-27T20:46:30.153+02:00  INFO 34430 --- [demo] [main] com.zaxxer.hikari.HikariDataSource       : HikariPool-1 - Start completed.
2026-05-27T20:46:30.164+02:00  INFO 34430 --- [demo] [main] org.hibernate.orm.jpa                    : HHH008540: Processing PersistenceUnitInfo [name: default]
2026-05-27T20:46:30.182+02:00  INFO 34430 --- [demo] [main] org.hibernate.orm.core                   : HHH000001: Hibernate ORM core version 7.2.12.Final
2026-05-27T20:46:30.304+02:00  INFO 34430 --- [demo] [main] o.s.o.j.p.SpringPersistenceUnitInfo      : No LoadTimeWeaver setup: ignoring JPA class transformer
2026-05-27T20:46:30.328+02:00  INFO 34430 --- [demo] [main] org.hibernate.orm.connections.pooling    : HHH10001005: Database info:
	Database JDBC URL [jdbc:h2:mem:773ddc6b-7abc-42ab-8972-8fcd8f75ca59]
	Database driver: H2 JDBC Driver
	Database dialect: H2Dialect
	Database version: 2.4.240
	Default catalog/schema: 773DDC6B-7ABC-42AB-8972-8FCD8F75CA59/PUBLIC
	Autocommit mode: undefined/unknown
	Isolation level: READ_COMMITTED [default READ_COMMITTED]
	JDBC fetch size: 100
	Pool: DataSourceConnectionProvider
	Minimum pool size: undefined/unknown
	Maximum pool size: undefined/unknown
2026-05-27T20:46:30.514+02:00 DEBUG 34430 --- [demo] [main] org.hibernate.SQL                        : 
    create global temporary table HTE_transactions(amount numeric(38, 2), rn_ integer not null, id bigint, category varchar(255), primary key (rn_)) transactional
2026-05-27T20:46:30.551+02:00  INFO 34430 --- [demo] [main] org.hibernate.orm.core                   : HHH000489: No JTA platform available (set 'hibernate.transaction.jta.platform' to enable JTA platform integration)
2026-05-27T20:46:30.556+02:00 DEBUG 34430 --- [demo] [main] org.hibernate.SQL                        : 
    drop table if exists transactions cascade 
2026-05-27T20:46:30.557+02:00 DEBUG 34430 --- [demo] [main] org.hibernate.SQL                        : 
    drop sequence if exists transactions_seq
2026-05-27T20:46:30.558+02:00 DEBUG 34430 --- [demo] [main] org.hibernate.SQL                        : 
    create sequence transactions_seq start with 1 increment by 50
2026-05-27T20:46:30.559+02:00 DEBUG 34430 --- [demo] [main] org.hibernate.SQL                        : 
    create table transactions (
        amount numeric(38,2),
        id bigint not null,
        category varchar(255),
        primary key (id)
    )
2026-05-27T20:46:30.560+02:00  INFO 34430 --- [demo] [main] j.LocalContainerEntityManagerFactoryBean : Initialized JPA EntityManagerFactory for persistence unit 'default'
2026-05-27T20:46:30.584+02:00  INFO 34430 --- [demo] [main] o.s.d.j.r.query.QueryEnhancerFactories   : Hibernate is in classpath; If applicable, HQL parser will be used.
2026-05-27T20:46:30.617+02:00  WARN 34430 --- [demo] [main] JpaBaseConfiguration$JpaWebConfiguration : spring.jpa.open-in-view is enabled by default. Therefore, database queries may be performed during view rendering. Explicitly configure spring.jpa.open-in-view to disable this warning
2026-05-27T20:46:30.699+02:00  WARN 34430 --- [demo] [main] ConfigServletWebServerApplicationContext : Exception encountered during context initialization - cancelling refresh attempt: org.springframework.context.ApplicationContextException: Failed to start bean 'webServerStartStop'
2026-05-27T20:46:30.700+02:00  INFO 34430 --- [demo] [main] j.LocalContainerEntityManagerFactoryBean : Closing JPA EntityManagerFactory for persistence unit 'default'
2026-05-27T20:46:30.700+02:00 DEBUG 34430 --- [demo] [main] org.hibernate.SQL                        : 
    drop table if exists transactions cascade 
2026-05-27T20:46:30.702+02:00 DEBUG 34430 --- [demo] [main] org.hibernate.SQL                        : 
    drop sequence if exists transactions_seq
2026-05-27T20:46:30.703+02:00  INFO 34430 --- [demo] [main] com.zaxxer.hikari.HikariDataSource       : HikariPool-1 - Shutdown initiated...
2026-05-27T20:46:30.703+02:00  INFO 34430 --- [demo] [main] com.zaxxer.hikari.HikariDataSource       : HikariPool-1 - Shutdown completed.
2026-05-27T20:46:30.706+02:00  INFO 34430 --- [demo] [main] .s.b.a.l.ConditionEvaluationReportLogger : 

Error starting ApplicationContext. To display the condition evaluation report re-run your application with 'debug' enabled.
2026-05-27T20:46:30.710+02:00 ERROR 34430 --- [demo] [main] o.s.b.d.LoggingFailureAnalysisReporter   : 

***************************
APPLICATION FAILED TO START
***************************

Description:

Web server failed to start. Port 8081 was already in use.

Action:

Identify and stop the process that's listening on port 8081 or configure this application to listen on another port.

2026-05-27T20:47:56.242+02:00  INFO 34158 --- [demo] [SpringApplicationShutdownHook] o.s.boot.tomcat.GracefulShutdown         : Commencing graceful shutdown. Waiting for active requests to complete
2026-05-27T20:47:56.245+02:00  INFO 34158 --- [demo] [tomcat-shutdown] o.s.boot.tomcat.GracefulShutdown         : Graceful shutdown complete
2026-05-27T20:47:56.247+02:00  INFO 34158 --- [demo] [SpringApplicationShutdownHook] j.LocalContainerEntityManagerFactoryBean : Closing JPA EntityManagerFactory for persistence unit 'default'
2026-05-27T20:47:56.247+02:00 DEBUG 34158 --- [demo] [SpringApplicationShutdownHook] org.hibernate.SQL                        : 
    drop table if exists transactions cascade 
2026-05-27T20:47:56.248+02:00 DEBUG 34158 --- [demo] [SpringApplicationShutdownHook] org.hibernate.SQL                        : 
    drop sequence if exists transactions_seq
2026-05-27T20:47:56.249+02:00  INFO 34158 --- [demo] [SpringApplicationShutdownHook] com.zaxxer.hikari.HikariDataSource       : HikariPool-1 - Shutdown initiated...
2026-05-27T20:47:56.249+02:00  INFO 34158 --- [demo] [SpringApplicationShutdownHook] com.zaxxer.hikari.HikariDataSource       : HikariPool-1 - Shutdown completed.
2026-05-27T20:47:57.941+02:00  INFO 34515 --- [demo] [main] com.zsigmond.analytics.DemoApplication   : Starting DemoApplication using Java 26.0.1 with PID 34515 (/Users/selleizsigmond/Downloads/demo/target/classes started by selleizsigmond in /Users/selleizsigmond/Downloads/demo)
2026-05-27T20:47:57.942+02:00  INFO 34515 --- [demo] [main] com.zsigmond.analytics.DemoApplication   : No active profile set, falling back to 1 default profile: "default"
2026-05-27T20:47:58.091+02:00  INFO 34515 --- [demo] [main] .s.d.r.c.RepositoryConfigurationDelegate : Bootstrapping Spring Data JPA repositories in DEFAULT mode.
2026-05-27T20:47:58.102+02:00  INFO 34515 --- [demo] [main] .s.d.r.c.RepositoryConfigurationDelegate : Finished Spring Data repository scanning in 8 ms. Found 1 JPA repository interface.
2026-05-27T20:47:58.213+02:00  INFO 34515 --- [demo] [main] o.s.boot.tomcat.TomcatWebServer          : Tomcat initialized with port 8081 (http)
2026-05-27T20:47:58.216+02:00  INFO 34515 --- [demo] [main] o.apache.catalina.core.StandardService   : Starting service [Tomcat]
2026-05-27T20:47:58.217+02:00  INFO 34515 --- [demo] [main] o.apache.catalina.core.StandardEngine    : Starting Servlet engine: [Apache Tomcat/11.0.21]
2026-05-27T20:47:58.227+02:00  INFO 34515 --- [demo] [main] b.w.c.s.WebApplicationContextInitializer : Root WebApplicationContext: initialization completed in 273 ms
2026-05-27T20:47:58.267+02:00  INFO 34515 --- [demo] [main] com.zaxxer.hikari.HikariDataSource       : HikariPool-1 - Starting...
2026-05-27T20:47:58.319+02:00  INFO 34515 --- [demo] [main] com.zaxxer.hikari.pool.HikariPool        : HikariPool-1 - Added connection conn0: url=jdbc:h2:mem:87065f2e-6b90-47e2-b825-6ddaab86d7c7 user=SA
2026-05-27T20:47:58.319+02:00  INFO 34515 --- [demo] [main] com.zaxxer.hikari.HikariDataSource       : HikariPool-1 - Start completed.
2026-05-27T20:47:58.331+02:00  INFO 34515 --- [demo] [main] org.hibernate.orm.jpa                    : HHH008540: Processing PersistenceUnitInfo [name: default]
2026-05-27T20:47:58.345+02:00  INFO 34515 --- [demo] [main] org.hibernate.orm.core                   : HHH000001: Hibernate ORM core version 7.2.12.Final
2026-05-27T20:47:58.455+02:00  INFO 34515 --- [demo] [main] o.s.o.j.p.SpringPersistenceUnitInfo      : No LoadTimeWeaver setup: ignoring JPA class transformer
2026-05-27T20:47:58.480+02:00  INFO 34515 --- [demo] [main] org.hibernate.orm.connections.pooling    : HHH10001005: Database info:
	Database JDBC URL [jdbc:h2:mem:87065f2e-6b90-47e2-b825-6ddaab86d7c7]
	Database driver: H2 JDBC Driver
	Database dialect: H2Dialect
	Database version: 2.4.240
	Default catalog/schema: 87065F2E-6B90-47E2-B825-6DDAAB86D7C7/PUBLIC
	Autocommit mode: undefined/unknown
	Isolation level: READ_COMMITTED [default READ_COMMITTED]
	JDBC fetch size: 100
	Pool: DataSourceConnectionProvider
	Minimum pool size: undefined/unknown
	Maximum pool size: undefined/unknown
2026-05-27T20:47:58.656+02:00 DEBUG 34515 --- [demo] [main] org.hibernate.SQL                        : 
    create global temporary table HTE_transactions(amount numeric(38, 2), rn_ integer not null, id bigint, category varchar(255), primary key (rn_)) transactional
2026-05-27T20:47:58.693+02:00  INFO 34515 --- [demo] [main] org.hibernate.orm.core                   : HHH000489: No JTA platform available (set 'hibernate.transaction.jta.platform' to enable JTA platform integration)
2026-05-27T20:47:58.699+02:00 DEBUG 34515 --- [demo] [main] org.hibernate.SQL                        : 
    drop table if exists transactions cascade 
2026-05-27T20:47:58.699+02:00 DEBUG 34515 --- [demo] [main] org.hibernate.SQL                        : 
    drop sequence if exists transactions_seq
2026-05-27T20:47:58.700+02:00 DEBUG 34515 --- [demo] [main] org.hibernate.SQL                        : 
    create sequence transactions_seq start with 1 increment by 50
2026-05-27T20:47:58.701+02:00 DEBUG 34515 --- [demo] [main] org.hibernate.SQL                        : 
    create table transactions (
        amount numeric(38,2),
        id bigint not null,
        category varchar(255),
        primary key (id)
    )
2026-05-27T20:47:58.702+02:00  INFO 34515 --- [demo] [main] j.LocalContainerEntityManagerFactoryBean : Initialized JPA EntityManagerFactory for persistence unit 'default'
2026-05-27T20:47:58.725+02:00  INFO 34515 --- [demo] [main] o.s.d.j.r.query.QueryEnhancerFactories   : Hibernate is in classpath; If applicable, HQL parser will be used.
2026-05-27T20:47:58.763+02:00  WARN 34515 --- [demo] [main] JpaBaseConfiguration$JpaWebConfiguration : spring.jpa.open-in-view is enabled by default. Therefore, database queries may be performed during view rendering. Explicitly configure spring.jpa.open-in-view to disable this warning
2026-05-27T20:47:58.847+02:00  INFO 34515 --- [demo] [main] o.s.boot.tomcat.TomcatWebServer          : Tomcat started on port 8081 (http) with context path '/'
2026-05-27T20:47:58.849+02:00  INFO 34515 --- [demo] [main] com.zsigmond.analytics.DemoApplication   : Started DemoApplication in 1.018 seconds (process running for 1.197)
2026-05-27T20:50:18.871+02:00  INFO 34719 --- [demo] [main] com.zsigmond.analytics.DemoApplication   : Starting DemoApplication using Java 26.0.1 with PID 34719 (/Users/selleizsigmond/Downloads/demo/target/classes started by selleizsigmond in /Users/selleizsigmond/Downloads/demo)
2026-05-27T20:50:18.872+02:00  INFO 34719 --- [demo] [main] com.zsigmond.analytics.DemoApplication   : No active profile set, falling back to 1 default profile: "default"
2026-05-27T20:50:19.031+02:00  INFO 34719 --- [demo] [main] .s.d.r.c.RepositoryConfigurationDelegate : Bootstrapping Spring Data JPA repositories in DEFAULT mode.
2026-05-27T20:50:19.044+02:00  INFO 34719 --- [demo] [main] .s.d.r.c.RepositoryConfigurationDelegate : Finished Spring Data repository scanning in 10 ms. Found 1 JPA repository interface.
2026-05-27T20:50:19.154+02:00  INFO 34719 --- [demo] [main] o.s.boot.tomcat.TomcatWebServer          : Tomcat initialized with port 8081 (http)
2026-05-27T20:50:19.158+02:00  INFO 34719 --- [demo] [main] o.apache.catalina.core.StandardService   : Starting service [Tomcat]
2026-05-27T20:50:19.158+02:00  INFO 34719 --- [demo] [main] o.apache.catalina.core.StandardEngine    : Starting Servlet engine: [Apache Tomcat/11.0.21]
2026-05-27T20:50:19.169+02:00  INFO 34719 --- [demo] [main] b.w.c.s.WebApplicationContextInitializer : Root WebApplicationContext: initialization completed in 284 ms
2026-05-27T20:50:19.211+02:00  INFO 34719 --- [demo] [main] com.zaxxer.hikari.HikariDataSource       : HikariPool-1 - Starting...
2026-05-27T20:50:19.263+02:00  INFO 34719 --- [demo] [main] com.zaxxer.hikari.pool.HikariPool        : HikariPool-1 - Added connection conn0: url=jdbc:h2:mem:94d17b6f-81ee-4372-aaa2-e3a870c6947b user=SA
2026-05-27T20:50:19.264+02:00  INFO 34719 --- [demo] [main] com.zaxxer.hikari.HikariDataSource       : HikariPool-1 - Start completed.
2026-05-27T20:50:19.275+02:00  INFO 34719 --- [demo] [main] org.hibernate.orm.jpa                    : HHH008540: Processing PersistenceUnitInfo [name: default]
2026-05-27T20:50:19.290+02:00  INFO 34719 --- [demo] [main] org.hibernate.orm.core                   : HHH000001: Hibernate ORM core version 7.2.12.Final
2026-05-27T20:50:19.406+02:00  INFO 34719 --- [demo] [main] o.s.o.j.p.SpringPersistenceUnitInfo      : No LoadTimeWeaver setup: ignoring JPA class transformer
2026-05-27T20:50:19.426+02:00  INFO 34719 --- [demo] [main] org.hibernate.orm.connections.pooling    : HHH10001005: Database info:
	Database JDBC URL [jdbc:h2:mem:94d17b6f-81ee-4372-aaa2-e3a870c6947b]
	Database driver: H2 JDBC Driver
	Database dialect: H2Dialect
	Database version: 2.4.240
	Default catalog/schema: 94D17B6F-81EE-4372-AAA2-E3A870C6947B/PUBLIC
	Autocommit mode: undefined/unknown
	Isolation level: READ_COMMITTED [default READ_COMMITTED]
	JDBC fetch size: 100
	Pool: DataSourceConnectionProvider
	Minimum pool size: undefined/unknown
	Maximum pool size: undefined/unknown
2026-05-27T20:50:19.602+02:00 DEBUG 34719 --- [demo] [main] org.hibernate.SQL                        : 
    create global temporary table HTE_transactions(amount numeric(38, 2), rn_ integer not null, id bigint, category varchar(255), primary key (rn_)) transactional
2026-05-27T20:50:19.638+02:00  INFO 34719 --- [demo] [main] org.hibernate.orm.core                   : HHH000489: No JTA platform available (set 'hibernate.transaction.jta.platform' to enable JTA platform integration)
2026-05-27T20:50:19.644+02:00 DEBUG 34719 --- [demo] [main] org.hibernate.SQL                        : 
    drop table if exists transactions cascade 
2026-05-27T20:50:19.644+02:00 DEBUG 34719 --- [demo] [main] org.hibernate.SQL                        : 
    drop sequence if exists transactions_seq
2026-05-27T20:50:19.646+02:00 DEBUG 34719 --- [demo] [main] org.hibernate.SQL                        : 
    create sequence transactions_seq start with 1 increment by 50
2026-05-27T20:50:19.647+02:00 DEBUG 34719 --- [demo] [main] org.hibernate.SQL                        : 
    create table transactions (
        amount numeric(38,2),
        id bigint not null,
        category varchar(255),
        primary key (id)
    )
2026-05-27T20:50:19.648+02:00  INFO 34719 --- [demo] [main] j.LocalContainerEntityManagerFactoryBean : Initialized JPA EntityManagerFactory for persistence unit 'default'
2026-05-27T20:50:19.671+02:00  INFO 34719 --- [demo] [main] o.s.d.j.r.query.QueryEnhancerFactories   : Hibernate is in classpath; If applicable, HQL parser will be used.
2026-05-27T20:50:19.702+02:00  WARN 34719 --- [demo] [main] JpaBaseConfiguration$JpaWebConfiguration : spring.jpa.open-in-view is enabled by default. Therefore, database queries may be performed during view rendering. Explicitly configure spring.jpa.open-in-view to disable this warning
2026-05-27T20:50:19.785+02:00  WARN 34719 --- [demo] [main] ConfigServletWebServerApplicationContext : Exception encountered during context initialization - cancelling refresh attempt: org.springframework.context.ApplicationContextException: Failed to start bean 'webServerStartStop'
2026-05-27T20:50:19.786+02:00  INFO 34719 --- [demo] [main] j.LocalContainerEntityManagerFactoryBean : Closing JPA EntityManagerFactory for persistence unit 'default'
2026-05-27T20:50:19.788+02:00 DEBUG 34719 --- [demo] [main] org.hibernate.SQL                        : 
    drop table if exists transactions cascade 
2026-05-27T20:50:19.789+02:00 DEBUG 34719 --- [demo] [main] org.hibernate.SQL                        : 
    drop sequence if exists transactions_seq
2026-05-27T20:50:19.789+02:00  INFO 34719 --- [demo] [main] com.zaxxer.hikari.HikariDataSource       : HikariPool-1 - Shutdown initiated...
2026-05-27T20:50:19.790+02:00  INFO 34719 --- [demo] [main] com.zaxxer.hikari.HikariDataSource       : HikariPool-1 - Shutdown completed.
2026-05-27T20:50:19.792+02:00  INFO 34719 --- [demo] [main] .s.b.a.l.ConditionEvaluationReportLogger : 

Error starting ApplicationContext. To display the condition evaluation report re-run your application with 'debug' enabled.
2026-05-27T20:50:19.797+02:00 ERROR 34719 --- [demo] [main] o.s.b.d.LoggingFailureAnalysisReporter   : 

***************************
APPLICATION FAILED TO START
***************************

Description:

Web server failed to start. Port 8081 was already in use.

Action:

Identify and stop the process that's listening on port 8081 or configure this application to listen on another port.

2026-05-27T20:51:18.259+02:00  INFO 34912 --- [demo] [main] com.zsigmond.analytics.DemoApplication   : Starting DemoApplication using Java 26.0.1 with PID 34912 (/Users/selleizsigmond/Downloads/demo/target/classes started by selleizsigmond in /Users/selleizsigmond/Downloads/demo)
2026-05-27T20:51:18.260+02:00  INFO 34912 --- [demo] [main] com.zsigmond.analytics.DemoApplication   : No active profile set, falling back to 1 default profile: "default"
2026-05-27T20:51:18.434+02:00  INFO 34912 --- [demo] [main] .s.d.r.c.RepositoryConfigurationDelegate : Bootstrapping Spring Data JPA repositories in DEFAULT mode.
2026-05-27T20:51:18.449+02:00  INFO 34912 --- [demo] [main] .s.d.r.c.RepositoryConfigurationDelegate : Finished Spring Data repository scanning in 12 ms. Found 1 JPA repository interface.
2026-05-27T20:51:18.574+02:00  INFO 34912 --- [demo] [main] o.s.boot.tomcat.TomcatWebServer          : Tomcat initialized with port 8081 (http)
2026-05-27T20:51:18.579+02:00  INFO 34912 --- [demo] [main] o.apache.catalina.core.StandardService   : Starting service [Tomcat]
2026-05-27T20:51:18.579+02:00  INFO 34912 --- [demo] [main] o.apache.catalina.core.StandardEngine    : Starting Servlet engine: [Apache Tomcat/11.0.21]
2026-05-27T20:51:18.594+02:00  INFO 34912 --- [demo] [main] b.w.c.s.WebApplicationContextInitializer : Root WebApplicationContext: initialization completed in 319 ms
2026-05-27T20:51:18.639+02:00  INFO 34912 --- [demo] [main] com.zaxxer.hikari.HikariDataSource       : HikariPool-1 - Starting...
2026-05-27T20:51:18.698+02:00  INFO 34912 --- [demo] [main] com.zaxxer.hikari.pool.HikariPool        : HikariPool-1 - Added connection conn0: url=jdbc:h2:mem:13bdadf0-95f2-4626-ad0a-7b7eeb4efff7 user=SA
2026-05-27T20:51:18.698+02:00  INFO 34912 --- [demo] [main] com.zaxxer.hikari.HikariDataSource       : HikariPool-1 - Start completed.
2026-05-27T20:51:18.711+02:00  INFO 34912 --- [demo] [main] org.hibernate.orm.jpa                    : HHH008540: Processing PersistenceUnitInfo [name: default]
2026-05-27T20:51:18.725+02:00  INFO 34912 --- [demo] [main] org.hibernate.orm.core                   : HHH000001: Hibernate ORM core version 7.2.12.Final
2026-05-27T20:51:18.859+02:00  INFO 34912 --- [demo] [main] o.s.o.j.p.SpringPersistenceUnitInfo      : No LoadTimeWeaver setup: ignoring JPA class transformer
2026-05-27T20:51:18.886+02:00  INFO 34912 --- [demo] [main] org.hibernate.orm.connections.pooling    : HHH10001005: Database info:
	Database JDBC URL [jdbc:h2:mem:13bdadf0-95f2-4626-ad0a-7b7eeb4efff7]
	Database driver: H2 JDBC Driver
	Database dialect: H2Dialect
	Database version: 2.4.240
	Default catalog/schema: 13BDADF0-95F2-4626-AD0A-7B7EEB4EFFF7/PUBLIC
	Autocommit mode: undefined/unknown
	Isolation level: READ_COMMITTED [default READ_COMMITTED]
	JDBC fetch size: 100
	Pool: DataSourceConnectionProvider
	Minimum pool size: undefined/unknown
	Maximum pool size: undefined/unknown
2026-05-27T20:51:19.105+02:00 DEBUG 34912 --- [demo] [main] org.hibernate.SQL                        : 
    create global temporary table HTE_transactions(amount numeric(38, 2), rn_ integer not null, id bigint, category varchar(255), primary key (rn_)) transactional
2026-05-27T20:51:19.150+02:00  INFO 34912 --- [demo] [main] org.hibernate.orm.core                   : HHH000489: No JTA platform available (set 'hibernate.transaction.jta.platform' to enable JTA platform integration)
2026-05-27T20:51:19.156+02:00 DEBUG 34912 --- [demo] [main] org.hibernate.SQL                        : 
    drop table if exists transactions cascade 
2026-05-27T20:51:19.157+02:00 DEBUG 34912 --- [demo] [main] org.hibernate.SQL                        : 
    drop sequence if exists transactions_seq
2026-05-27T20:51:19.158+02:00 DEBUG 34912 --- [demo] [main] org.hibernate.SQL                        : 
    create sequence transactions_seq start with 1 increment by 50
2026-05-27T20:51:19.160+02:00 DEBUG 34912 --- [demo] [main] org.hibernate.SQL                        : 
    create table transactions (
        amount numeric(38,2),
        id bigint not null,
        category varchar(255),
        primary key (id)
    )
2026-05-27T20:51:19.162+02:00  INFO 34912 --- [demo] [main] j.LocalContainerEntityManagerFactoryBean : Initialized JPA EntityManagerFactory for persistence unit 'default'
2026-05-27T20:51:19.191+02:00  INFO 34912 --- [demo] [main] o.s.d.j.r.query.QueryEnhancerFactories   : Hibernate is in classpath; If applicable, HQL parser will be used.
2026-05-27T20:51:19.230+02:00  WARN 34912 --- [demo] [main] JpaBaseConfiguration$JpaWebConfiguration : spring.jpa.open-in-view is enabled by default. Therefore, database queries may be performed during view rendering. Explicitly configure spring.jpa.open-in-view to disable this warning
2026-05-27T20:51:19.335+02:00  WARN 34912 --- [demo] [main] ConfigServletWebServerApplicationContext : Exception encountered during context initialization - cancelling refresh attempt: org.springframework.context.ApplicationContextException: Failed to start bean 'webServerStartStop'
2026-05-27T20:51:19.336+02:00  INFO 34912 --- [demo] [main] j.LocalContainerEntityManagerFactoryBean : Closing JPA EntityManagerFactory for persistence unit 'default'
2026-05-27T20:51:19.336+02:00 DEBUG 34912 --- [demo] [main] org.hibernate.SQL                        : 
    drop table if exists transactions cascade 
2026-05-27T20:51:19.337+02:00 DEBUG 34912 --- [demo] [main] org.hibernate.SQL                        : 
    drop sequence if exists transactions_seq
2026-05-27T20:51:19.341+02:00  INFO 34912 --- [demo] [main] com.zaxxer.hikari.HikariDataSource       : HikariPool-1 - Shutdown initiated...
2026-05-27T20:51:19.342+02:00  INFO 34912 --- [demo] [main] com.zaxxer.hikari.HikariDataSource       : HikariPool-1 - Shutdown completed.
2026-05-27T20:51:19.347+02:00  INFO 34912 --- [demo] [main] .s.b.a.l.ConditionEvaluationReportLogger : 

Error starting ApplicationContext. To display the condition evaluation report re-run your application with 'debug' enabled.
2026-05-27T20:51:19.354+02:00 ERROR 34912 --- [demo] [main] o.s.boot.SpringApplication               : Application run failed

org.springframework.context.ApplicationContextException: Failed to start bean 'webServerStartStop'
	at org.springframework.context.support.DefaultLifecycleProcessor.doStart(DefaultLifecycleProcessor.java:423) ~[spring-context-7.0.7.jar:7.0.7]
	at org.springframework.context.support.DefaultLifecycleProcessor.doStart(DefaultLifecycleProcessor.java:409) ~[spring-context-7.0.7.jar:7.0.7]
	at org.springframework.context.support.DefaultLifecycleProcessor$LifecycleGroup.start(DefaultLifecycleProcessor.java:613) ~[spring-context-7.0.7.jar:7.0.7]
	at java.base/java.lang.Iterable.forEach(Iterable.java:75) ~[na:na]
	at org.springframework.context.support.DefaultLifecycleProcessor.startBeans(DefaultLifecycleProcessor.java:379) ~[spring-context-7.0.7.jar:7.0.7]
	at org.springframework.context.support.DefaultLifecycleProcessor.onRefresh(DefaultLifecycleProcessor.java:306) ~[spring-context-7.0.7.jar:7.0.7]
	at org.springframework.context.support.AbstractApplicationContext.finishRefresh(AbstractApplicationContext.java:1013) ~[spring-context-7.0.7.jar:7.0.7]
	at org.springframework.context.support.AbstractApplicationContext.refresh(AbstractApplicationContext.java:624) ~[spring-context-7.0.7.jar:7.0.7]
	at org.springframework.boot.web.server.servlet.context.ServletWebServerApplicationContext.refresh(ServletWebServerApplicationContext.java:143) ~[spring-boot-web-server-4.0.6.jar:4.0.6]
	at org.springframework.boot.SpringApplication.refresh(SpringApplication.java:756) ~[spring-boot-4.0.6.jar:4.0.6]
	at org.springframework.boot.SpringApplication.refreshContext(SpringApplication.java:445) ~[spring-boot-4.0.6.jar:4.0.6]
	at org.springframework.boot.SpringApplication.run(SpringApplication.java:321) ~[spring-boot-4.0.6.jar:4.0.6]
	at org.springframework.boot.SpringApplication.run(SpringApplication.java:1365) ~[spring-boot-4.0.6.jar:4.0.6]
	at org.springframework.boot.SpringApplication.run(SpringApplication.java:1354) ~[spring-boot-4.0.6.jar:4.0.6]
	at com.zsigmond.analytics.DemoApplication.main(DemoApplication.java:10) ~[classes/:na]
Caused by: org.springframework.boot.web.server.WebServerException: Unable to start embedded Tomcat server
	at org.springframework.boot.tomcat.TomcatWebServer.start(TomcatWebServer.java:248) ~[spring-boot-tomcat-4.0.6.jar:4.0.6]
	at org.springframework.boot.web.server.servlet.context.WebServerStartStopLifecycle.start(WebServerStartStopLifecycle.java:44) ~[spring-boot-web-server-4.0.6.jar:4.0.6]
	at org.springframework.context.support.DefaultLifecycleProcessor.doStart(DefaultLifecycleProcessor.java:420) ~[spring-context-7.0.7.jar:7.0.7]
	... 14 common frames omitted
Caused by: java.lang.IllegalArgumentException: standardService.connector.startFailed
	at org.apache.catalina.core.StandardService.addConnector(StandardService.java:220) ~[tomcat-embed-core-11.0.21.jar:11.0.21]
	at org.springframework.boot.tomcat.TomcatWebServer.addPreviouslyRemovedConnectors(TomcatWebServer.java:307) ~[spring-boot-tomcat-4.0.6.jar:4.0.6]
	at org.springframework.boot.tomcat.TomcatWebServer.start(TomcatWebServer.java:233) ~[spring-boot-tomcat-4.0.6.jar:4.0.6]
	... 16 common frames omitted
Caused by: org.apache.catalina.LifecycleException: Protocol handler start failed
	at org.apache.catalina.connector.Connector.startInternal(Connector.java:1119) ~[tomcat-embed-core-11.0.21.jar:11.0.21]
	at org.apache.catalina.util.LifecycleBase.start(LifecycleBase.java:164) ~[tomcat-embed-core-11.0.21.jar:11.0.21]
	at org.apache.catalina.core.StandardService.addConnector(StandardService.java:217) ~[tomcat-embed-core-11.0.21.jar:11.0.21]
	... 18 common frames omitted
Caused by: java.net.SocketException: Operation not permitted
	at java.base/sun.nio.ch.Net.bind0(Native Method) ~[na:na]
	at java.base/sun.nio.ch.Net.bind(Net.java:525) ~[na:na]
	at java.base/sun.nio.ch.ServerSocketChannelImpl.netBind(ServerSocketChannelImpl.java:333) ~[na:na]
	at java.base/sun.nio.ch.ServerSocketChannelImpl.bind(ServerSocketChannelImpl.java:296) ~[na:na]
	at org.apache.tomcat.util.net.NioEndpoint.initServerSocket(NioEndpoint.java:265) ~[tomcat-embed-core-11.0.21.jar:11.0.21]
	at org.apache.tomcat.util.net.NioEndpoint.bind(NioEndpoint.java:220) ~[tomcat-embed-core-11.0.21.jar:11.0.21]
	at org.apache.tomcat.util.net.AbstractEndpoint.bindWithCleanup(AbstractEndpoint.java:1640) ~[tomcat-embed-core-11.0.21.jar:11.0.21]
	at org.apache.tomcat.util.net.AbstractEndpoint.start(AbstractEndpoint.java:1723) ~[tomcat-embed-core-11.0.21.jar:11.0.21]
	at org.apache.coyote.AbstractProtocol.start(AbstractProtocol.java:644) ~[tomcat-embed-core-11.0.21.jar:11.0.21]
	at org.apache.catalina.connector.Connector.startInternal(Connector.java:1116) ~[tomcat-embed-core-11.0.21.jar:11.0.21]
	... 20 common frames omitted

2026-05-27T20:53:02.156+02:00  INFO 34515 --- [demo] [SpringApplicationShutdownHook] o.s.boot.tomcat.GracefulShutdown         : Commencing graceful shutdown. Waiting for active requests to complete
2026-05-27T20:53:02.160+02:00  INFO 34515 --- [demo] [tomcat-shutdown] o.s.boot.tomcat.GracefulShutdown         : Graceful shutdown complete
2026-05-27T20:53:02.162+02:00  INFO 34515 --- [demo] [SpringApplicationShutdownHook] j.LocalContainerEntityManagerFactoryBean : Closing JPA EntityManagerFactory for persistence unit 'default'
2026-05-27T20:53:02.162+02:00 DEBUG 34515 --- [demo] [SpringApplicationShutdownHook] org.hibernate.SQL                        : 
    drop table if exists transactions cascade 
2026-05-27T20:53:02.163+02:00 DEBUG 34515 --- [demo] [SpringApplicationShutdownHook] org.hibernate.SQL                        : 
    drop sequence if exists transactions_seq
2026-05-27T20:53:02.164+02:00  INFO 34515 --- [demo] [SpringApplicationShutdownHook] com.zaxxer.hikari.HikariDataSource       : HikariPool-1 - Shutdown initiated...
2026-05-27T20:53:02.164+02:00  INFO 34515 --- [demo] [SpringApplicationShutdownHook] com.zaxxer.hikari.HikariDataSource       : HikariPool-1 - Shutdown completed.
2026-05-27T20:53:04.197+02:00  INFO 34979 --- [demo] [main] com.zsigmond.analytics.DemoApplication   : Starting DemoApplication using Java 26.0.1 with PID 34979 (/Users/selleizsigmond/Downloads/demo/target/classes started by selleizsigmond in /Users/selleizsigmond/Downloads/demo)
2026-05-27T20:53:04.198+02:00  INFO 34979 --- [demo] [main] com.zsigmond.analytics.DemoApplication   : No active profile set, falling back to 1 default profile: "default"
2026-05-27T20:53:04.355+02:00  INFO 34979 --- [demo] [main] .s.d.r.c.RepositoryConfigurationDelegate : Bootstrapping Spring Data JPA repositories in DEFAULT mode.
2026-05-27T20:53:04.367+02:00  INFO 34979 --- [demo] [main] .s.d.r.c.RepositoryConfigurationDelegate : Finished Spring Data repository scanning in 9 ms. Found 1 JPA repository interface.
2026-05-27T20:53:04.478+02:00  INFO 34979 --- [demo] [main] o.s.boot.tomcat.TomcatWebServer          : Tomcat initialized with port 8082 (http)
2026-05-27T20:53:04.482+02:00  INFO 34979 --- [demo] [main] o.apache.catalina.core.StandardService   : Starting service [Tomcat]
2026-05-27T20:53:04.482+02:00  INFO 34979 --- [demo] [main] o.apache.catalina.core.StandardEngine    : Starting Servlet engine: [Apache Tomcat/11.0.21]
2026-05-27T20:53:04.492+02:00  INFO 34979 --- [demo] [main] b.w.c.s.WebApplicationContextInitializer : Root WebApplicationContext: initialization completed in 281 ms
2026-05-27T20:53:04.532+02:00  INFO 34979 --- [demo] [main] com.zaxxer.hikari.HikariDataSource       : HikariPool-1 - Starting...
2026-05-27T20:53:04.582+02:00  INFO 34979 --- [demo] [main] com.zaxxer.hikari.pool.HikariPool        : HikariPool-1 - Added connection conn0: url=jdbc:h2:mem:e1a3318c-b6c2-4387-a7c9-3e5f2051fcaf user=SA
2026-05-27T20:53:04.583+02:00  INFO 34979 --- [demo] [main] com.zaxxer.hikari.HikariDataSource       : HikariPool-1 - Start completed.
2026-05-27T20:53:04.595+02:00  INFO 34979 --- [demo] [main] org.hibernate.orm.jpa                    : HHH008540: Processing PersistenceUnitInfo [name: default]
2026-05-27T20:53:04.611+02:00  INFO 34979 --- [demo] [main] org.hibernate.orm.core                   : HHH000001: Hibernate ORM core version 7.2.12.Final
2026-05-27T20:53:04.713+02:00  INFO 34979 --- [demo] [main] o.s.o.j.p.SpringPersistenceUnitInfo      : No LoadTimeWeaver setup: ignoring JPA class transformer
2026-05-27T20:53:04.735+02:00  INFO 34979 --- [demo] [main] org.hibernate.orm.connections.pooling    : HHH10001005: Database info:
	Database JDBC URL [jdbc:h2:mem:e1a3318c-b6c2-4387-a7c9-3e5f2051fcaf]
	Database driver: H2 JDBC Driver
	Database dialect: H2Dialect
	Database version: 2.4.240
	Default catalog/schema: E1A3318C-B6C2-4387-A7C9-3E5F2051FCAF/PUBLIC
	Autocommit mode: undefined/unknown
	Isolation level: READ_COMMITTED [default READ_COMMITTED]
	JDBC fetch size: 100
	Pool: DataSourceConnectionProvider
	Minimum pool size: undefined/unknown
	Maximum pool size: undefined/unknown
2026-05-27T20:53:04.902+02:00 DEBUG 34979 --- [demo] [main] org.hibernate.SQL                        : 
    create global temporary table HTE_transactions(amount numeric(38, 2), rn_ integer not null, id bigint, category varchar(255), primary key (rn_)) transactional
2026-05-27T20:53:04.937+02:00  INFO 34979 --- [demo] [main] org.hibernate.orm.core                   : HHH000489: No JTA platform available (set 'hibernate.transaction.jta.platform' to enable JTA platform integration)
2026-05-27T20:53:04.942+02:00 DEBUG 34979 --- [demo] [main] org.hibernate.SQL                        : 
    drop table if exists transactions cascade 
2026-05-27T20:53:04.942+02:00 DEBUG 34979 --- [demo] [main] org.hibernate.SQL                        : 
    drop sequence if exists transactions_seq
2026-05-27T20:53:04.943+02:00 DEBUG 34979 --- [demo] [main] org.hibernate.SQL                        : 
    create sequence transactions_seq start with 1 increment by 50
2026-05-27T20:53:04.944+02:00 DEBUG 34979 --- [demo] [main] org.hibernate.SQL                        : 
    create table transactions (
        amount numeric(38,2),
        id bigint not null,
        category varchar(255),
        primary key (id)
    )
2026-05-27T20:53:04.945+02:00  INFO 34979 --- [demo] [main] j.LocalContainerEntityManagerFactoryBean : Initialized JPA EntityManagerFactory for persistence unit 'default'
2026-05-27T20:53:04.967+02:00  INFO 34979 --- [demo] [main] o.s.d.j.r.query.QueryEnhancerFactories   : Hibernate is in classpath; If applicable, HQL parser will be used.
2026-05-27T20:53:05.003+02:00  WARN 34979 --- [demo] [main] JpaBaseConfiguration$JpaWebConfiguration : spring.jpa.open-in-view is enabled by default. Therefore, database queries may be performed during view rendering. Explicitly configure spring.jpa.open-in-view to disable this warning
2026-05-27T20:53:05.085+02:00  INFO 34979 --- [demo] [main] o.s.boot.tomcat.TomcatWebServer          : Tomcat started on port 8082 (http) with context path '/'
2026-05-27T20:53:05.087+02:00  INFO 34979 --- [demo] [main] com.zsigmond.analytics.DemoApplication   : Started DemoApplication in 1.002 seconds (process running for 1.187)
2026-05-27T20:53:14.345+02:00  INFO 35123 --- [demo] [main] com.zsigmond.analytics.DemoApplication   : Starting DemoApplication using Java 26.0.1 with PID 35123 (/Users/selleizsigmond/Downloads/demo/target/classes started by selleizsigmond in /Users/selleizsigmond/Downloads/demo)
2026-05-27T20:53:14.345+02:00  INFO 35123 --- [demo] [main] com.zsigmond.analytics.DemoApplication   : No active profile set, falling back to 1 default profile: "default"
2026-05-27T20:53:14.493+02:00  INFO 35123 --- [demo] [main] .s.d.r.c.RepositoryConfigurationDelegate : Bootstrapping Spring Data JPA repositories in DEFAULT mode.
2026-05-27T20:53:14.505+02:00  INFO 35123 --- [demo] [main] .s.d.r.c.RepositoryConfigurationDelegate : Finished Spring Data repository scanning in 10 ms. Found 1 JPA repository interface.
2026-05-27T20:53:14.609+02:00  INFO 35123 --- [demo] [main] o.s.boot.tomcat.TomcatWebServer          : Tomcat initialized with port 8082 (http)
2026-05-27T20:53:14.612+02:00  INFO 35123 --- [demo] [main] o.apache.catalina.core.StandardService   : Starting service [Tomcat]
2026-05-27T20:53:14.612+02:00  INFO 35123 --- [demo] [main] o.apache.catalina.core.StandardEngine    : Starting Servlet engine: [Apache Tomcat/11.0.21]
2026-05-27T20:53:14.624+02:00  INFO 35123 --- [demo] [main] b.w.c.s.WebApplicationContextInitializer : Root WebApplicationContext: initialization completed in 266 ms
2026-05-27T20:53:14.661+02:00  INFO 35123 --- [demo] [main] com.zaxxer.hikari.HikariDataSource       : HikariPool-1 - Starting...
2026-05-27T20:53:14.711+02:00  INFO 35123 --- [demo] [main] com.zaxxer.hikari.pool.HikariPool        : HikariPool-1 - Added connection conn0: url=jdbc:h2:mem:8500995c-f420-4497-b9e1-775c3ea8a9de user=SA
2026-05-27T20:53:14.712+02:00  INFO 35123 --- [demo] [main] com.zaxxer.hikari.HikariDataSource       : HikariPool-1 - Start completed.
2026-05-27T20:53:14.722+02:00  INFO 35123 --- [demo] [main] org.hibernate.orm.jpa                    : HHH008540: Processing PersistenceUnitInfo [name: default]
2026-05-27T20:53:14.733+02:00  INFO 35123 --- [demo] [main] org.hibernate.orm.core                   : HHH000001: Hibernate ORM core version 7.2.12.Final
2026-05-27T20:53:14.850+02:00  INFO 35123 --- [demo] [main] o.s.o.j.p.SpringPersistenceUnitInfo      : No LoadTimeWeaver setup: ignoring JPA class transformer
2026-05-27T20:53:14.871+02:00  INFO 35123 --- [demo] [main] org.hibernate.orm.connections.pooling    : HHH10001005: Database info:
	Database JDBC URL [jdbc:h2:mem:8500995c-f420-4497-b9e1-775c3ea8a9de]
	Database driver: H2 JDBC Driver
	Database dialect: H2Dialect
	Database version: 2.4.240
	Default catalog/schema: 8500995C-F420-4497-B9E1-775C3EA8A9DE/PUBLIC
	Autocommit mode: undefined/unknown
	Isolation level: READ_COMMITTED [default READ_COMMITTED]
	JDBC fetch size: 100
	Pool: DataSourceConnectionProvider
	Minimum pool size: undefined/unknown
	Maximum pool size: undefined/unknown
2026-05-27T20:53:15.052+02:00 DEBUG 35123 --- [demo] [main] org.hibernate.SQL                        : 
    create global temporary table HTE_transactions(amount numeric(38, 2), rn_ integer not null, id bigint, category varchar(255), primary key (rn_)) transactional
2026-05-27T20:53:15.086+02:00  INFO 35123 --- [demo] [main] org.hibernate.orm.core                   : HHH000489: No JTA platform available (set 'hibernate.transaction.jta.platform' to enable JTA platform integration)
2026-05-27T20:53:15.092+02:00 DEBUG 35123 --- [demo] [main] org.hibernate.SQL                        : 
    drop table if exists transactions cascade 
2026-05-27T20:53:15.092+02:00 DEBUG 35123 --- [demo] [main] org.hibernate.SQL                        : 
    drop sequence if exists transactions_seq
2026-05-27T20:53:15.093+02:00 DEBUG 35123 --- [demo] [main] org.hibernate.SQL                        : 
    create sequence transactions_seq start with 1 increment by 50
2026-05-27T20:53:15.095+02:00 DEBUG 35123 --- [demo] [main] org.hibernate.SQL                        : 
    create table transactions (
        amount numeric(38,2),
        id bigint not null,
        category varchar(255),
        primary key (id)
    )
2026-05-27T20:53:15.096+02:00  INFO 35123 --- [demo] [main] j.LocalContainerEntityManagerFactoryBean : Initialized JPA EntityManagerFactory for persistence unit 'default'
2026-05-27T20:53:15.119+02:00  INFO 35123 --- [demo] [main] o.s.d.j.r.query.QueryEnhancerFactories   : Hibernate is in classpath; If applicable, HQL parser will be used.
2026-05-27T20:53:15.152+02:00  WARN 35123 --- [demo] [main] JpaBaseConfiguration$JpaWebConfiguration : spring.jpa.open-in-view is enabled by default. Therefore, database queries may be performed during view rendering. Explicitly configure spring.jpa.open-in-view to disable this warning
2026-05-27T20:53:15.239+02:00  WARN 35123 --- [demo] [main] ConfigServletWebServerApplicationContext : Exception encountered during context initialization - cancelling refresh attempt: org.springframework.context.ApplicationContextException: Failed to start bean 'webServerStartStop'
2026-05-27T20:53:15.240+02:00  INFO 35123 --- [demo] [main] j.LocalContainerEntityManagerFactoryBean : Closing JPA EntityManagerFactory for persistence unit 'default'
2026-05-27T20:53:15.240+02:00 DEBUG 35123 --- [demo] [main] org.hibernate.SQL                        : 
    drop table if exists transactions cascade 
2026-05-27T20:53:15.240+02:00 DEBUG 35123 --- [demo] [main] org.hibernate.SQL                        : 
    drop sequence if exists transactions_seq
2026-05-27T20:53:15.241+02:00  INFO 35123 --- [demo] [main] com.zaxxer.hikari.HikariDataSource       : HikariPool-1 - Shutdown initiated...
2026-05-27T20:53:15.241+02:00  INFO 35123 --- [demo] [main] com.zaxxer.hikari.HikariDataSource       : HikariPool-1 - Shutdown completed.
2026-05-27T20:53:15.244+02:00  INFO 35123 --- [demo] [main] .s.b.a.l.ConditionEvaluationReportLogger : 

Error starting ApplicationContext. To display the condition evaluation report re-run your application with 'debug' enabled.
2026-05-27T20:53:15.250+02:00 ERROR 35123 --- [demo] [main] o.s.b.d.LoggingFailureAnalysisReporter   : 

***************************
APPLICATION FAILED TO START
***************************

Description:

Web server failed to start. Port 8082 was already in use.

Action:

Identify and stop the process that's listening on port 8082 or configure this application to listen on another port.

2026-05-27T20:55:35.463+02:00  INFO 35354 --- [demo] [main] com.zsigmond.analytics.DemoApplication   : Starting DemoApplication using Java 26.0.1 with PID 35354 (/Users/selleizsigmond/Downloads/demo/target/classes started by selleizsigmond in /Users/selleizsigmond/Downloads/demo)
2026-05-27T20:55:35.464+02:00  INFO 35354 --- [demo] [main] com.zsigmond.analytics.DemoApplication   : No active profile set, falling back to 1 default profile: "default"
2026-05-27T20:55:35.650+02:00  INFO 35354 --- [demo] [main] .s.d.r.c.RepositoryConfigurationDelegate : Bootstrapping Spring Data JPA repositories in DEFAULT mode.
2026-05-27T20:55:35.667+02:00  INFO 35354 --- [demo] [main] .s.d.r.c.RepositoryConfigurationDelegate : Finished Spring Data repository scanning in 13 ms. Found 1 JPA repository interface.
2026-05-27T20:55:35.797+02:00  INFO 35354 --- [demo] [main] o.s.boot.tomcat.TomcatWebServer          : Tomcat initialized with port 8082 (http)
2026-05-27T20:55:35.802+02:00  INFO 35354 --- [demo] [main] o.apache.catalina.core.StandardService   : Starting service [Tomcat]
2026-05-27T20:55:35.802+02:00  INFO 35354 --- [demo] [main] o.apache.catalina.core.StandardEngine    : Starting Servlet engine: [Apache Tomcat/11.0.21]
2026-05-27T20:55:35.818+02:00  INFO 35354 --- [demo] [main] b.w.c.s.WebApplicationContextInitializer : Root WebApplicationContext: initialization completed in 336 ms
2026-05-27T20:55:35.866+02:00  INFO 35354 --- [demo] [main] com.zaxxer.hikari.HikariDataSource       : HikariPool-1 - Starting...
2026-05-27T20:55:35.927+02:00  INFO 35354 --- [demo] [main] com.zaxxer.hikari.pool.HikariPool        : HikariPool-1 - Added connection conn0: url=jdbc:h2:mem:11fc8d6c-c13f-4b34-9a2f-5a0038db7b8a user=SA
2026-05-27T20:55:35.927+02:00  INFO 35354 --- [demo] [main] com.zaxxer.hikari.HikariDataSource       : HikariPool-1 - Start completed.
2026-05-27T20:55:35.940+02:00  INFO 35354 --- [demo] [main] org.hibernate.orm.jpa                    : HHH008540: Processing PersistenceUnitInfo [name: default]
2026-05-27T20:55:35.956+02:00  INFO 35354 --- [demo] [main] org.hibernate.orm.core                   : HHH000001: Hibernate ORM core version 7.2.12.Final
2026-05-27T20:55:36.085+02:00  INFO 35354 --- [demo] [main] o.s.o.j.p.SpringPersistenceUnitInfo      : No LoadTimeWeaver setup: ignoring JPA class transformer
2026-05-27T20:55:36.111+02:00  INFO 35354 --- [demo] [main] org.hibernate.orm.connections.pooling    : HHH10001005: Database info:
	Database JDBC URL [jdbc:h2:mem:11fc8d6c-c13f-4b34-9a2f-5a0038db7b8a]
	Database driver: H2 JDBC Driver
	Database dialect: H2Dialect
	Database version: 2.4.240
	Default catalog/schema: 11FC8D6C-C13F-4B34-9A2F-5A0038DB7B8A/PUBLIC
	Autocommit mode: undefined/unknown
	Isolation level: READ_COMMITTED [default READ_COMMITTED]
	JDBC fetch size: 100
	Pool: DataSourceConnectionProvider
	Minimum pool size: undefined/unknown
	Maximum pool size: undefined/unknown
2026-05-27T20:55:36.335+02:00 DEBUG 35354 --- [demo] [main] org.hibernate.SQL                        : 
    create global temporary table HTE_transactions(amount numeric(38, 2), rn_ integer not null, id bigint, category varchar(255), primary key (rn_)) transactional
2026-05-27T20:55:36.382+02:00  INFO 35354 --- [demo] [main] org.hibernate.orm.core                   : HHH000489: No JTA platform available (set 'hibernate.transaction.jta.platform' to enable JTA platform integration)
2026-05-27T20:55:36.389+02:00 DEBUG 35354 --- [demo] [main] org.hibernate.SQL                        : 
    drop table if exists transactions cascade 
2026-05-27T20:55:36.389+02:00 DEBUG 35354 --- [demo] [main] org.hibernate.SQL                        : 
    drop sequence if exists transactions_seq
2026-05-27T20:55:36.391+02:00 DEBUG 35354 --- [demo] [main] org.hibernate.SQL                        : 
    create sequence transactions_seq start with 1 increment by 50
2026-05-27T20:55:36.393+02:00 DEBUG 35354 --- [demo] [main] org.hibernate.SQL                        : 
    create table transactions (
        amount numeric(38,2),
        id bigint not null,
        category varchar(255),
        primary key (id)
    )
2026-05-27T20:55:36.395+02:00  INFO 35354 --- [demo] [main] j.LocalContainerEntityManagerFactoryBean : Initialized JPA EntityManagerFactory for persistence unit 'default'
2026-05-27T20:55:36.425+02:00  INFO 35354 --- [demo] [main] o.s.d.j.r.query.QueryEnhancerFactories   : Hibernate is in classpath; If applicable, HQL parser will be used.
2026-05-27T20:55:36.465+02:00  WARN 35354 --- [demo] [main] JpaBaseConfiguration$JpaWebConfiguration : spring.jpa.open-in-view is enabled by default. Therefore, database queries may be performed during view rendering. Explicitly configure spring.jpa.open-in-view to disable this warning
2026-05-27T20:55:36.567+02:00  WARN 35354 --- [demo] [main] ConfigServletWebServerApplicationContext : Exception encountered during context initialization - cancelling refresh attempt: org.springframework.context.ApplicationContextException: Failed to start bean 'webServerStartStop'
2026-05-27T20:55:36.568+02:00  INFO 35354 --- [demo] [main] j.LocalContainerEntityManagerFactoryBean : Closing JPA EntityManagerFactory for persistence unit 'default'
2026-05-27T20:55:36.568+02:00 DEBUG 35354 --- [demo] [main] org.hibernate.SQL                        : 
    drop table if exists transactions cascade 
2026-05-27T20:55:36.569+02:00 DEBUG 35354 --- [demo] [main] org.hibernate.SQL                        : 
    drop sequence if exists transactions_seq
2026-05-27T20:55:36.570+02:00  INFO 35354 --- [demo] [main] com.zaxxer.hikari.HikariDataSource       : HikariPool-1 - Shutdown initiated...
2026-05-27T20:55:36.573+02:00  INFO 35354 --- [demo] [main] com.zaxxer.hikari.HikariDataSource       : HikariPool-1 - Shutdown completed.
2026-05-27T20:55:36.577+02:00  INFO 35354 --- [demo] [main] .s.b.a.l.ConditionEvaluationReportLogger : 

Error starting ApplicationContext. To display the condition evaluation report re-run your application with 'debug' enabled.
2026-05-27T20:55:36.585+02:00 ERROR 35354 --- [demo] [main] o.s.b.d.LoggingFailureAnalysisReporter   : 

***************************
APPLICATION FAILED TO START
***************************

Description:

Web server failed to start. Port 8082 was already in use.

Action:

Identify and stop the process that's listening on port 8082 or configure this application to listen on another port.

2026-05-27T20:57:16.028+02:00  INFO 35540 --- [demo] [main] com.zsigmond.analytics.DemoApplication   : Starting DemoApplication using Java 26.0.1 with PID 35540 (/Users/selleizsigmond/Downloads/demo/target/classes started by selleizsigmond in /Users/selleizsigmond/Downloads/demo)
2026-05-27T20:57:16.029+02:00  INFO 35540 --- [demo] [main] com.zsigmond.analytics.DemoApplication   : No active profile set, falling back to 1 default profile: "default"
2026-05-27T20:57:16.204+02:00  INFO 35540 --- [demo] [main] .s.d.r.c.RepositoryConfigurationDelegate : Bootstrapping Spring Data JPA repositories in DEFAULT mode.
2026-05-27T20:57:16.219+02:00  INFO 35540 --- [demo] [main] .s.d.r.c.RepositoryConfigurationDelegate : Finished Spring Data repository scanning in 12 ms. Found 1 JPA repository interface.
2026-05-27T20:57:16.339+02:00  INFO 35540 --- [demo] [main] o.s.boot.tomcat.TomcatWebServer          : Tomcat initialized with port 8090 (http)
2026-05-27T20:57:16.344+02:00  INFO 35540 --- [demo] [main] o.apache.catalina.core.StandardService   : Starting service [Tomcat]
2026-05-27T20:57:16.344+02:00  INFO 35540 --- [demo] [main] o.apache.catalina.core.StandardEngine    : Starting Servlet engine: [Apache Tomcat/11.0.21]
2026-05-27T20:57:16.360+02:00  INFO 35540 --- [demo] [main] b.w.c.s.WebApplicationContextInitializer : Root WebApplicationContext: initialization completed in 315 ms
2026-05-27T20:57:16.406+02:00  INFO 35540 --- [demo] [main] com.zaxxer.hikari.HikariDataSource       : HikariPool-1 - Starting...
2026-05-27T20:57:16.465+02:00  INFO 35540 --- [demo] [main] com.zaxxer.hikari.pool.HikariPool        : HikariPool-1 - Added connection conn0: url=jdbc:h2:mem:bf11a4df-74c1-4635-b473-1978a3bc0dbd user=SA
2026-05-27T20:57:16.465+02:00  INFO 35540 --- [demo] [main] com.zaxxer.hikari.HikariDataSource       : HikariPool-1 - Start completed.
2026-05-27T20:57:16.480+02:00  INFO 35540 --- [demo] [main] org.hibernate.orm.jpa                    : HHH008540: Processing PersistenceUnitInfo [name: default]
2026-05-27T20:57:16.494+02:00  INFO 35540 --- [demo] [main] org.hibernate.orm.core                   : HHH000001: Hibernate ORM core version 7.2.12.Final
2026-05-27T20:57:16.625+02:00  INFO 35540 --- [demo] [main] o.s.o.j.p.SpringPersistenceUnitInfo      : No LoadTimeWeaver setup: ignoring JPA class transformer
2026-05-27T20:57:16.650+02:00  INFO 35540 --- [demo] [main] org.hibernate.orm.connections.pooling    : HHH10001005: Database info:
	Database JDBC URL [jdbc:h2:mem:bf11a4df-74c1-4635-b473-1978a3bc0dbd]
	Database driver: H2 JDBC Driver
	Database dialect: H2Dialect
	Database version: 2.4.240
	Default catalog/schema: BF11A4DF-74C1-4635-B473-1978A3BC0DBD/PUBLIC
	Autocommit mode: undefined/unknown
	Isolation level: READ_COMMITTED [default READ_COMMITTED]
	JDBC fetch size: 100
	Pool: DataSourceConnectionProvider
	Minimum pool size: undefined/unknown
	Maximum pool size: undefined/unknown
2026-05-27T20:57:16.863+02:00 DEBUG 35540 --- [demo] [main] org.hibernate.SQL                        : 
    create global temporary table HTE_transactions(amount numeric(38, 2), rn_ integer not null, id bigint, category varchar(255), primary key (rn_)) transactional
2026-05-27T20:57:16.910+02:00  INFO 35540 --- [demo] [main] org.hibernate.orm.core                   : HHH000489: No JTA platform available (set 'hibernate.transaction.jta.platform' to enable JTA platform integration)
2026-05-27T20:57:16.917+02:00 DEBUG 35540 --- [demo] [main] org.hibernate.SQL                        : 
    drop table if exists transactions cascade 
2026-05-27T20:57:16.918+02:00 DEBUG 35540 --- [demo] [main] org.hibernate.SQL                        : 
    drop sequence if exists transactions_seq
2026-05-27T20:57:16.919+02:00 DEBUG 35540 --- [demo] [main] org.hibernate.SQL                        : 
    create sequence transactions_seq start with 1 increment by 50
2026-05-27T20:57:16.922+02:00 DEBUG 35540 --- [demo] [main] org.hibernate.SQL                        : 
    create table transactions (
        amount numeric(38,2),
        id bigint not null,
        category varchar(255),
        primary key (id)
    )
2026-05-27T20:57:16.924+02:00  INFO 35540 --- [demo] [main] j.LocalContainerEntityManagerFactoryBean : Initialized JPA EntityManagerFactory for persistence unit 'default'
2026-05-27T20:57:16.955+02:00  INFO 35540 --- [demo] [main] o.s.d.j.r.query.QueryEnhancerFactories   : Hibernate is in classpath; If applicable, HQL parser will be used.
2026-05-27T20:57:16.994+02:00  WARN 35540 --- [demo] [main] JpaBaseConfiguration$JpaWebConfiguration : spring.jpa.open-in-view is enabled by default. Therefore, database queries may be performed during view rendering. Explicitly configure spring.jpa.open-in-view to disable this warning
2026-05-27T20:57:17.100+02:00  INFO 35540 --- [demo] [main] o.s.boot.tomcat.TomcatWebServer          : Tomcat started on port 8090 (http) with context path '/'
2026-05-27T20:57:17.105+02:00  INFO 35540 --- [demo] [main] com.zsigmond.analytics.DemoApplication   : Started DemoApplication in 1.217 seconds (process running for 1.329)
2026-05-27T20:58:01.658+02:00  INFO 35540 --- [demo] [http-nio-8090-exec-1] o.a.c.c.C.[Tomcat].[localhost].[/]       : Initializing Spring DispatcherServlet 'dispatcherServlet'
2026-05-27T20:58:01.658+02:00  INFO 35540 --- [demo] [http-nio-8090-exec-1] o.s.web.servlet.DispatcherServlet        : Initializing Servlet 'dispatcherServlet'
2026-05-27T20:58:01.659+02:00  INFO 35540 --- [demo] [http-nio-8090-exec-1] o.s.web.servlet.DispatcherServlet        : Completed initialization in 1 ms
2026-05-27T20:58:01.724+02:00 DEBUG 35540 --- [demo] [http-nio-8090-exec-1] org.hibernate.SQL                        : 
    select
        next value 
    for
        transactions_seq
2026-05-27T20:58:01.743+02:00 DEBUG 35540 --- [demo] [http-nio-8090-exec-1] org.hibernate.SQL                        : 
    insert 
    into
        transactions
        (amount, category, id) 
    values
        (?, ?, ?)
2026-05-27T20:58:01.744+02:00 TRACE 35540 --- [demo] [http-nio-8090-exec-1] org.hibernate.orm.jdbc.bind              : binding parameter (1:NUMERIC) <- [2500]
2026-05-27T20:58:01.745+02:00 TRACE 35540 --- [demo] [http-nio-8090-exec-1] org.hibernate.orm.jdbc.bind              : binding parameter (2:VARCHAR) <- [food]
2026-05-27T20:58:01.745+02:00 TRACE 35540 --- [demo] [http-nio-8090-exec-1] org.hibernate.orm.jdbc.bind              : binding parameter (3:BIGINT) <- [1]
2026-05-27T20:58:08.121+02:00 DEBUG 35540 --- [demo] [http-nio-8090-exec-3] org.hibernate.SQL                        : 
    select
        t1_0.id,
        t1_0.amount,
        t1_0.category 
    from
        transactions t1_0
2026-05-27T20:58:31.032+02:00  INFO 35540 --- [demo] [SpringApplicationShutdownHook] o.s.boot.tomcat.GracefulShutdown         : Commencing graceful shutdown. Waiting for active requests to complete
2026-05-27T20:58:31.042+02:00  INFO 35540 --- [demo] [tomcat-shutdown] o.s.boot.tomcat.GracefulShutdown         : Graceful shutdown complete
2026-05-27T20:58:31.044+02:00  INFO 35540 --- [demo] [SpringApplicationShutdownHook] j.LocalContainerEntityManagerFactoryBean : Closing JPA EntityManagerFactory for persistence unit 'default'
2026-05-27T20:58:31.045+02:00 DEBUG 35540 --- [demo] [SpringApplicationShutdownHook] org.hibernate.SQL                        : 
    drop table if exists transactions cascade 
2026-05-27T20:58:31.046+02:00 DEBUG 35540 --- [demo] [SpringApplicationShutdownHook] org.hibernate.SQL                        : 
    drop sequence if exists transactions_seq
2026-05-27T20:58:31.048+02:00  INFO 35540 --- [demo] [SpringApplicationShutdownHook] com.zaxxer.hikari.HikariDataSource       : HikariPool-1 - Shutdown initiated...
2026-05-27T20:58:31.049+02:00  INFO 35540 --- [demo] [SpringApplicationShutdownHook] com.zaxxer.hikari.HikariDataSource       : HikariPool-1 - Shutdown completed.
2026-05-27T20:59:34.836+02:00  INFO 34979 --- [demo] [SpringApplicationShutdownHook] o.s.boot.tomcat.GracefulShutdown         : Commencing graceful shutdown. Waiting for active requests to complete
2026-05-27T20:59:34.840+02:00  INFO 34979 --- [demo] [tomcat-shutdown] o.s.boot.tomcat.GracefulShutdown         : Graceful shutdown complete
2026-05-27T20:59:34.842+02:00  INFO 34979 --- [demo] [SpringApplicationShutdownHook] j.LocalContainerEntityManagerFactoryBean : Closing JPA EntityManagerFactory for persistence unit 'default'
2026-05-27T20:59:34.842+02:00 DEBUG 34979 --- [demo] [SpringApplicationShutdownHook] org.hibernate.SQL                        : 
    drop table if exists transactions cascade 
2026-05-27T20:59:34.843+02:00 DEBUG 34979 --- [demo] [SpringApplicationShutdownHook] org.hibernate.SQL                        : 
    drop sequence if exists transactions_seq
2026-05-27T20:59:34.844+02:00  INFO 34979 --- [demo] [SpringApplicationShutdownHook] com.zaxxer.hikari.HikariDataSource       : HikariPool-1 - Shutdown initiated...
2026-05-27T20:59:34.844+02:00  INFO 34979 --- [demo] [SpringApplicationShutdownHook] com.zaxxer.hikari.HikariDataSource       : HikariPool-1 - Shutdown completed.
2026-05-27T21:11:55.423+02:00  INFO 36283 --- [demo] [main] c.z.analytics.DemoApplicationTests       : Starting DemoApplicationTests using Java 26.0.1 with PID 36283 (started by selleizsigmond in /Users/selleizsigmond/Downloads/demo)
2026-05-27T21:11:55.424+02:00  INFO 36283 --- [demo] [main] c.z.analytics.DemoApplicationTests       : No active profile set, falling back to 1 default profile: "default"
2026-05-27T21:11:55.673+02:00  INFO 36283 --- [demo] [main] .s.d.r.c.RepositoryConfigurationDelegate : Bootstrapping Spring Data JPA repositories in DEFAULT mode.
2026-05-27T21:11:55.695+02:00  INFO 36283 --- [demo] [main] .s.d.r.c.RepositoryConfigurationDelegate : Finished Spring Data repository scanning in 18 ms. Found 1 JPA repository interface.
2026-05-27T21:11:55.830+02:00  INFO 36283 --- [demo] [main] com.zaxxer.hikari.HikariDataSource       : HikariPool-1 - Starting...
2026-05-27T21:11:55.910+02:00  INFO 36283 --- [demo] [main] com.zaxxer.hikari.pool.HikariPool        : HikariPool-1 - Added connection conn0: url=jdbc:h2:mem:2dfbe1ee-b2de-4bf2-83d6-1bbb36d71ad4 user=SA
2026-05-27T21:11:55.911+02:00  INFO 36283 --- [demo] [main] com.zaxxer.hikari.HikariDataSource       : HikariPool-1 - Start completed.
2026-05-27T21:11:55.936+02:00  INFO 36283 --- [demo] [main] org.hibernate.orm.jpa                    : HHH008540: Processing PersistenceUnitInfo [name: default]
2026-05-27T21:11:55.958+02:00  INFO 36283 --- [demo] [main] org.hibernate.orm.core                   : HHH000001: Hibernate ORM core version 7.2.12.Final
2026-05-27T21:11:56.136+02:00  INFO 36283 --- [demo] [main] o.s.o.j.p.SpringPersistenceUnitInfo      : No LoadTimeWeaver setup: ignoring JPA class transformer
2026-05-27T21:11:56.164+02:00  INFO 36283 --- [demo] [main] org.hibernate.orm.connections.pooling    : HHH10001005: Database info:
	Database JDBC URL [jdbc:h2:mem:2dfbe1ee-b2de-4bf2-83d6-1bbb36d71ad4]
	Database driver: H2 JDBC Driver
	Database dialect: H2Dialect
	Database version: 2.4.240
	Default catalog/schema: 2DFBE1EE-B2DE-4BF2-83D6-1BBB36D71AD4/PUBLIC
	Autocommit mode: undefined/unknown
	Isolation level: READ_COMMITTED [default READ_COMMITTED]
	JDBC fetch size: 100
	Pool: DataSourceConnectionProvider
	Minimum pool size: undefined/unknown
	Maximum pool size: undefined/unknown
2026-05-27T21:11:56.407+02:00 DEBUG 36283 --- [demo] [main] org.hibernate.SQL                        : 
    create global temporary table HTE_transactions(amount numeric(38, 2), rn_ integer not null, id bigint, category varchar(255), primary key (rn_)) transactional
2026-05-27T21:11:56.450+02:00  INFO 36283 --- [demo] [main] org.hibernate.orm.core                   : HHH000489: No JTA platform available (set 'hibernate.transaction.jta.platform' to enable JTA platform integration)
2026-05-27T21:11:56.460+02:00 DEBUG 36283 --- [demo] [main] org.hibernate.SQL                        : 
    drop table if exists transactions cascade 
2026-05-27T21:11:56.460+02:00 DEBUG 36283 --- [demo] [main] org.hibernate.SQL                        : 
    drop sequence if exists transactions_seq
2026-05-27T21:11:56.461+02:00 DEBUG 36283 --- [demo] [main] org.hibernate.SQL                        : 
    create sequence transactions_seq start with 1 increment by 50
2026-05-27T21:11:56.463+02:00 DEBUG 36283 --- [demo] [main] org.hibernate.SQL                        : 
    create table transactions (
        amount numeric(38,2),
        id bigint not null,
        category varchar(255),
        primary key (id)
    )
2026-05-27T21:11:56.464+02:00  INFO 36283 --- [demo] [main] j.LocalContainerEntityManagerFactoryBean : Initialized JPA EntityManagerFactory for persistence unit 'default'
2026-05-27T21:11:56.500+02:00  INFO 36283 --- [demo] [main] o.s.d.j.r.query.QueryEnhancerFactories   : Hibernate is in classpath; If applicable, HQL parser will be used.
2026-05-27T21:11:56.575+02:00  WARN 36283 --- [demo] [main] JpaBaseConfiguration$JpaWebConfiguration : spring.jpa.open-in-view is enabled by default. Therefore, database queries may be performed during view rendering. Explicitly configure spring.jpa.open-in-view to disable this warning
2026-05-27T21:11:56.748+02:00  INFO 36283 --- [demo] [main] c.z.analytics.DemoApplicationTests       : Started DemoApplicationTests in 1.446 seconds (process running for 1.864)
2026-05-27T21:12:18.041+02:00  INFO 36283 --- [demo] [SpringApplicationShutdownHook] j.LocalContainerEntityManagerFactoryBean : Closing JPA EntityManagerFactory for persistence unit 'default'
2026-05-27T21:12:18.042+02:00 DEBUG 36283 --- [demo] [SpringApplicationShutdownHook] org.hibernate.SQL                        : 
    drop table if exists transactions cascade 
2026-05-27T21:12:18.043+02:00 DEBUG 36283 --- [demo] [SpringApplicationShutdownHook] org.hibernate.SQL                        : 
    drop sequence if exists transactions_seq
2026-05-27T21:12:18.044+02:00  INFO 36283 --- [demo] [SpringApplicationShutdownHook] com.zaxxer.hikari.HikariDataSource       : HikariPool-1 - Shutdown initiated...
2026-05-27T21:12:18.045+02:00  INFO 36283 --- [demo] [SpringApplicationShutdownHook] com.zaxxer.hikari.HikariDataSource       : HikariPool-1 - Shutdown completed.
2026-05-27T21:14:58.423+02:00  INFO 36451 --- [demo] [main] com.zsigmond.analytics.DemoApplication   : Starting DemoApplication using Java 26.0.1 with PID 36451 (/Users/selleizsigmond/Downloads/demo/target/classes started by selleizsigmond in /Users/selleizsigmond/Downloads/demo)
2026-05-27T21:14:58.424+02:00  INFO 36451 --- [demo] [main] com.zsigmond.analytics.DemoApplication   : No active profile set, falling back to 1 default profile: "default"
2026-05-27T21:14:58.574+02:00  INFO 36451 --- [demo] [main] .s.d.r.c.RepositoryConfigurationDelegate : Bootstrapping Spring Data JPA repositories in DEFAULT mode.
2026-05-27T21:14:58.586+02:00  INFO 36451 --- [demo] [main] .s.d.r.c.RepositoryConfigurationDelegate : Finished Spring Data repository scanning in 10 ms. Found 1 JPA repository interface.
2026-05-27T21:14:58.711+02:00  INFO 36451 --- [demo] [main] o.s.boot.tomcat.TomcatWebServer          : Tomcat initialized with port 8082 (http)
2026-05-27T21:14:58.716+02:00  INFO 36451 --- [demo] [main] o.apache.catalina.core.StandardService   : Starting service [Tomcat]
2026-05-27T21:14:58.716+02:00  INFO 36451 --- [demo] [main] o.apache.catalina.core.StandardEngine    : Starting Servlet engine: [Apache Tomcat/11.0.21]
2026-05-27T21:14:58.727+02:00  INFO 36451 --- [demo] [main] b.w.c.s.WebApplicationContextInitializer : Root WebApplicationContext: initialization completed in 290 ms
2026-05-27T21:14:58.766+02:00  INFO 36451 --- [demo] [main] com.zaxxer.hikari.HikariDataSource       : HikariPool-1 - Starting...
2026-05-27T21:14:58.814+02:00  INFO 36451 --- [demo] [main] com.zaxxer.hikari.pool.HikariPool        : HikariPool-1 - Added connection conn0: url=jdbc:h2:mem:0de715f5-3828-4d5c-a769-653c45b4202d user=SA
2026-05-27T21:14:58.814+02:00  INFO 36451 --- [demo] [main] com.zaxxer.hikari.HikariDataSource       : HikariPool-1 - Start completed.
2026-05-27T21:14:58.827+02:00  INFO 36451 --- [demo] [main] org.hibernate.orm.jpa                    : HHH008540: Processing PersistenceUnitInfo [name: default]
2026-05-27T21:14:58.840+02:00  INFO 36451 --- [demo] [main] org.hibernate.orm.core                   : HHH000001: Hibernate ORM core version 7.2.12.Final
2026-05-27T21:14:58.938+02:00  INFO 36451 --- [demo] [main] o.s.o.j.p.SpringPersistenceUnitInfo      : No LoadTimeWeaver setup: ignoring JPA class transformer
2026-05-27T21:14:58.960+02:00  INFO 36451 --- [demo] [main] org.hibernate.orm.connections.pooling    : HHH10001005: Database info:
	Database JDBC URL [jdbc:h2:mem:0de715f5-3828-4d5c-a769-653c45b4202d]
	Database driver: H2 JDBC Driver
	Database dialect: H2Dialect
	Database version: 2.4.240
	Default catalog/schema: 0DE715F5-3828-4D5C-A769-653C45B4202D/PUBLIC
	Autocommit mode: undefined/unknown
	Isolation level: READ_COMMITTED [default READ_COMMITTED]
	JDBC fetch size: 100
	Pool: DataSourceConnectionProvider
	Minimum pool size: undefined/unknown
	Maximum pool size: undefined/unknown
2026-05-27T21:14:59.129+02:00 DEBUG 36451 --- [demo] [main] org.hibernate.SQL                        : 
    create global temporary table HTE_transactions(amount numeric(38, 2), rn_ integer not null, id bigint, category varchar(255), primary key (rn_)) transactional
2026-05-27T21:14:59.164+02:00  INFO 36451 --- [demo] [main] org.hibernate.orm.core                   : HHH000489: No JTA platform available (set 'hibernate.transaction.jta.platform' to enable JTA platform integration)
2026-05-27T21:14:59.169+02:00 DEBUG 36451 --- [demo] [main] org.hibernate.SQL                        : 
    drop table if exists transactions cascade 
2026-05-27T21:14:59.170+02:00 DEBUG 36451 --- [demo] [main] org.hibernate.SQL                        : 
    drop sequence if exists transactions_seq
2026-05-27T21:14:59.171+02:00 DEBUG 36451 --- [demo] [main] org.hibernate.SQL                        : 
    create sequence transactions_seq start with 1 increment by 50
2026-05-27T21:14:59.172+02:00 DEBUG 36451 --- [demo] [main] org.hibernate.SQL                        : 
    create table transactions (
        amount numeric(38,2),
        id bigint not null,
        category varchar(255),
        primary key (id)
    )
2026-05-27T21:14:59.173+02:00  INFO 36451 --- [demo] [main] j.LocalContainerEntityManagerFactoryBean : Initialized JPA EntityManagerFactory for persistence unit 'default'
2026-05-27T21:14:59.196+02:00  INFO 36451 --- [demo] [main] o.s.d.j.r.query.QueryEnhancerFactories   : Hibernate is in classpath; If applicable, HQL parser will be used.
2026-05-27T21:14:59.232+02:00  WARN 36451 --- [demo] [main] JpaBaseConfiguration$JpaWebConfiguration : spring.jpa.open-in-view is enabled by default. Therefore, database queries may be performed during view rendering. Explicitly configure spring.jpa.open-in-view to disable this warning
2026-05-27T21:14:59.317+02:00  INFO 36451 --- [demo] [main] o.s.boot.tomcat.TomcatWebServer          : Tomcat started on port 8082 (http) with context path '/'
2026-05-27T21:14:59.318+02:00  INFO 36451 --- [demo] [main] com.zsigmond.analytics.DemoApplication   : Started DemoApplication in 1.01 seconds (process running for 1.187)
2026-05-27T21:16:13.013+02:00  INFO 36451 --- [demo] [SpringApplicationShutdownHook] o.s.boot.tomcat.GracefulShutdown         : Commencing graceful shutdown. Waiting for active requests to complete
2026-05-27T21:16:13.017+02:00  INFO 36451 --- [demo] [tomcat-shutdown] o.s.boot.tomcat.GracefulShutdown         : Graceful shutdown complete
2026-05-27T21:16:13.018+02:00  INFO 36451 --- [demo] [SpringApplicationShutdownHook] j.LocalContainerEntityManagerFactoryBean : Closing JPA EntityManagerFactory for persistence unit 'default'
2026-05-27T21:16:13.019+02:00 DEBUG 36451 --- [demo] [SpringApplicationShutdownHook] org.hibernate.SQL                        : 
    drop table if exists transactions cascade 
2026-05-27T21:16:13.020+02:00 DEBUG 36451 --- [demo] [SpringApplicationShutdownHook] org.hibernate.SQL                        : 
    drop sequence if exists transactions_seq
2026-05-27T21:16:13.020+02:00  INFO 36451 --- [demo] [SpringApplicationShutdownHook] com.zaxxer.hikari.HikariDataSource       : HikariPool-1 - Shutdown initiated...
2026-05-27T21:16:13.021+02:00  INFO 36451 --- [demo] [SpringApplicationShutdownHook] com.zaxxer.hikari.HikariDataSource       : HikariPool-1 - Shutdown completed.
2026-05-27T21:16:20.723+02:00  INFO 36518 --- [demo] [main] com.zsigmond.analytics.DemoApplication   : Starting DemoApplication using Java 26.0.1 with PID 36518 (/Users/selleizsigmond/Downloads/demo/target/classes started by selleizsigmond in /Users/selleizsigmond/Downloads/demo)
2026-05-27T21:16:20.723+02:00  INFO 36518 --- [demo] [main] com.zsigmond.analytics.DemoApplication   : No active profile set, falling back to 1 default profile: "default"
2026-05-27T21:16:20.881+02:00  INFO 36518 --- [demo] [main] .s.d.r.c.RepositoryConfigurationDelegate : Bootstrapping Spring Data JPA repositories in DEFAULT mode.
2026-05-27T21:16:20.893+02:00  INFO 36518 --- [demo] [main] .s.d.r.c.RepositoryConfigurationDelegate : Finished Spring Data repository scanning in 9 ms. Found 1 JPA repository interface.
2026-05-27T21:16:21.003+02:00  INFO 36518 --- [demo] [main] o.s.boot.tomcat.TomcatWebServer          : Tomcat initialized with port 8082 (http)
2026-05-27T21:16:21.006+02:00  INFO 36518 --- [demo] [main] o.apache.catalina.core.StandardService   : Starting service [Tomcat]
2026-05-27T21:16:21.006+02:00  INFO 36518 --- [demo] [main] o.apache.catalina.core.StandardEngine    : Starting Servlet engine: [Apache Tomcat/11.0.21]
2026-05-27T21:16:21.021+02:00  INFO 36518 --- [demo] [main] b.w.c.s.WebApplicationContextInitializer : Root WebApplicationContext: initialization completed in 285 ms
2026-05-27T21:16:21.058+02:00  INFO 36518 --- [demo] [main] com.zaxxer.hikari.HikariDataSource       : HikariPool-1 - Starting...
2026-05-27T21:16:21.108+02:00  INFO 36518 --- [demo] [main] com.zaxxer.hikari.pool.HikariPool        : HikariPool-1 - Added connection conn0: url=jdbc:h2:mem:55af054d-098e-4459-95dc-c98ccda877d0 user=SA
2026-05-27T21:16:21.108+02:00  INFO 36518 --- [demo] [main] com.zaxxer.hikari.HikariDataSource       : HikariPool-1 - Start completed.
2026-05-27T21:16:21.120+02:00  INFO 36518 --- [demo] [main] org.hibernate.orm.jpa                    : HHH008540: Processing PersistenceUnitInfo [name: default]
2026-05-27T21:16:21.137+02:00  INFO 36518 --- [demo] [main] org.hibernate.orm.core                   : HHH000001: Hibernate ORM core version 7.2.12.Final
2026-05-27T21:16:21.249+02:00  INFO 36518 --- [demo] [main] o.s.o.j.p.SpringPersistenceUnitInfo      : No LoadTimeWeaver setup: ignoring JPA class transformer
2026-05-27T21:16:21.272+02:00  INFO 36518 --- [demo] [main] org.hibernate.orm.connections.pooling    : HHH10001005: Database info:
	Database JDBC URL [jdbc:h2:mem:55af054d-098e-4459-95dc-c98ccda877d0]
	Database driver: H2 JDBC Driver
	Database dialect: H2Dialect
	Database version: 2.4.240
	Default catalog/schema: 55AF054D-098E-4459-95DC-C98CCDA877D0/PUBLIC
	Autocommit mode: undefined/unknown
	Isolation level: READ_COMMITTED [default READ_COMMITTED]
	JDBC fetch size: 100
	Pool: DataSourceConnectionProvider
	Minimum pool size: undefined/unknown
	Maximum pool size: undefined/unknown
2026-05-27T21:16:21.449+02:00 DEBUG 36518 --- [demo] [main] org.hibernate.SQL                        : 
    create global temporary table HTE_transactions(amount numeric(38, 2), rn_ integer not null, id bigint, category varchar(255), primary key (rn_)) transactional
2026-05-27T21:16:21.484+02:00  INFO 36518 --- [demo] [main] org.hibernate.orm.core                   : HHH000489: No JTA platform available (set 'hibernate.transaction.jta.platform' to enable JTA platform integration)
2026-05-27T21:16:21.489+02:00 DEBUG 36518 --- [demo] [main] org.hibernate.SQL                        : 
    drop table if exists transactions cascade 
2026-05-27T21:16:21.489+02:00 DEBUG 36518 --- [demo] [main] org.hibernate.SQL                        : 
    drop sequence if exists transactions_seq
2026-05-27T21:16:21.491+02:00 DEBUG 36518 --- [demo] [main] org.hibernate.SQL                        : 
    create sequence transactions_seq start with 1 increment by 50
2026-05-27T21:16:21.492+02:00 DEBUG 36518 --- [demo] [main] org.hibernate.SQL                        : 
    create table transactions (
        amount numeric(38,2),
        id bigint not null,
        category varchar(255),
        primary key (id)
    )
2026-05-27T21:16:21.493+02:00  INFO 36518 --- [demo] [main] j.LocalContainerEntityManagerFactoryBean : Initialized JPA EntityManagerFactory for persistence unit 'default'
2026-05-27T21:16:21.517+02:00  INFO 36518 --- [demo] [main] o.s.d.j.r.query.QueryEnhancerFactories   : Hibernate is in classpath; If applicable, HQL parser will be used.
2026-05-27T21:16:21.555+02:00  WARN 36518 --- [demo] [main] JpaBaseConfiguration$JpaWebConfiguration : spring.jpa.open-in-view is enabled by default. Therefore, database queries may be performed during view rendering. Explicitly configure spring.jpa.open-in-view to disable this warning
2026-05-27T21:16:21.654+02:00  INFO 36518 --- [demo] [main] o.s.boot.tomcat.TomcatWebServer          : Tomcat started on port 8082 (http) with context path '/'
2026-05-27T21:16:21.657+02:00  INFO 36518 --- [demo] [main] com.zsigmond.analytics.DemoApplication   : Started DemoApplication in 1.047 seconds (process running for 1.225)
2026-05-27T21:16:35.495+02:00  INFO 36661 --- [demo] [main] com.zsigmond.analytics.DemoApplication   : Starting DemoApplication using Java 26.0.1 with PID 36661 (/Users/selleizsigmond/Downloads/demo/target/classes started by selleizsigmond in /Users/selleizsigmond/Downloads/demo)
2026-05-27T21:16:35.496+02:00  INFO 36661 --- [demo] [main] com.zsigmond.analytics.DemoApplication   : No active profile set, falling back to 1 default profile: "default"
2026-05-27T21:16:35.655+02:00  INFO 36661 --- [demo] [main] .s.d.r.c.RepositoryConfigurationDelegate : Bootstrapping Spring Data JPA repositories in DEFAULT mode.
2026-05-27T21:16:35.668+02:00  INFO 36661 --- [demo] [main] .s.d.r.c.RepositoryConfigurationDelegate : Finished Spring Data repository scanning in 10 ms. Found 1 JPA repository interface.
2026-05-27T21:16:35.779+02:00  INFO 36661 --- [demo] [main] o.s.boot.tomcat.TomcatWebServer          : Tomcat initialized with port 8082 (http)
2026-05-27T21:16:35.784+02:00  INFO 36661 --- [demo] [main] o.apache.catalina.core.StandardService   : Starting service [Tomcat]
2026-05-27T21:16:35.784+02:00  INFO 36661 --- [demo] [main] o.apache.catalina.core.StandardEngine    : Starting Servlet engine: [Apache Tomcat/11.0.21]
2026-05-27T21:16:35.797+02:00  INFO 36661 --- [demo] [main] b.w.c.s.WebApplicationContextInitializer : Root WebApplicationContext: initialization completed in 288 ms
2026-05-27T21:16:35.838+02:00  INFO 36661 --- [demo] [main] com.zaxxer.hikari.HikariDataSource       : HikariPool-1 - Starting...
2026-05-27T21:16:35.890+02:00  INFO 36661 --- [demo] [main] com.zaxxer.hikari.pool.HikariPool        : HikariPool-1 - Added connection conn0: url=jdbc:h2:mem:0538887d-4bae-403d-a9b3-83df7a643fd6 user=SA
2026-05-27T21:16:35.890+02:00  INFO 36661 --- [demo] [main] com.zaxxer.hikari.HikariDataSource       : HikariPool-1 - Start completed.
2026-05-27T21:16:35.902+02:00  INFO 36661 --- [demo] [main] org.hibernate.orm.jpa                    : HHH008540: Processing PersistenceUnitInfo [name: default]
2026-05-27T21:16:35.917+02:00  INFO 36661 --- [demo] [main] org.hibernate.orm.core                   : HHH000001: Hibernate ORM core version 7.2.12.Final
2026-05-27T21:16:36.034+02:00  INFO 36661 --- [demo] [main] o.s.o.j.p.SpringPersistenceUnitInfo      : No LoadTimeWeaver setup: ignoring JPA class transformer
2026-05-27T21:16:36.056+02:00  INFO 36661 --- [demo] [main] org.hibernate.orm.connections.pooling    : HHH10001005: Database info:
	Database JDBC URL [jdbc:h2:mem:0538887d-4bae-403d-a9b3-83df7a643fd6]
	Database driver: H2 JDBC Driver
	Database dialect: H2Dialect
	Database version: 2.4.240
	Default catalog/schema: 0538887D-4BAE-403D-A9B3-83DF7A643FD6/PUBLIC
	Autocommit mode: undefined/unknown
	Isolation level: READ_COMMITTED [default READ_COMMITTED]
	JDBC fetch size: 100
	Pool: DataSourceConnectionProvider
	Minimum pool size: undefined/unknown
	Maximum pool size: undefined/unknown
2026-05-27T21:16:36.233+02:00 DEBUG 36661 --- [demo] [main] org.hibernate.SQL                        : 
    create global temporary table HTE_transactions(amount numeric(38, 2), rn_ integer not null, id bigint, category varchar(255), primary key (rn_)) transactional
2026-05-27T21:16:36.269+02:00  INFO 36661 --- [demo] [main] org.hibernate.orm.core                   : HHH000489: No JTA platform available (set 'hibernate.transaction.jta.platform' to enable JTA platform integration)
2026-05-27T21:16:36.274+02:00 DEBUG 36661 --- [demo] [main] org.hibernate.SQL                        : 
    drop table if exists transactions cascade 
2026-05-27T21:16:36.274+02:00 DEBUG 36661 --- [demo] [main] org.hibernate.SQL                        : 
    drop sequence if exists transactions_seq
2026-05-27T21:16:36.275+02:00 DEBUG 36661 --- [demo] [main] org.hibernate.SQL                        : 
    create sequence transactions_seq start with 1 increment by 50
2026-05-27T21:16:36.277+02:00 DEBUG 36661 --- [demo] [main] org.hibernate.SQL                        : 
    create table transactions (
        amount numeric(38,2),
        id bigint not null,
        category varchar(255),
        primary key (id)
    )
2026-05-27T21:16:36.278+02:00  INFO 36661 --- [demo] [main] j.LocalContainerEntityManagerFactoryBean : Initialized JPA EntityManagerFactory for persistence unit 'default'
2026-05-27T21:16:36.300+02:00  INFO 36661 --- [demo] [main] o.s.d.j.r.query.QueryEnhancerFactories   : Hibernate is in classpath; If applicable, HQL parser will be used.
2026-05-27T21:16:36.331+02:00  WARN 36661 --- [demo] [main] JpaBaseConfiguration$JpaWebConfiguration : spring.jpa.open-in-view is enabled by default. Therefore, database queries may be performed during view rendering. Explicitly configure spring.jpa.open-in-view to disable this warning
2026-05-27T21:16:36.415+02:00  WARN 36661 --- [demo] [main] ConfigServletWebServerApplicationContext : Exception encountered during context initialization - cancelling refresh attempt: org.springframework.context.ApplicationContextException: Failed to start bean 'webServerStartStop'
2026-05-27T21:16:36.415+02:00  INFO 36661 --- [demo] [main] j.LocalContainerEntityManagerFactoryBean : Closing JPA EntityManagerFactory for persistence unit 'default'
2026-05-27T21:16:36.416+02:00 DEBUG 36661 --- [demo] [main] org.hibernate.SQL                        : 
    drop table if exists transactions cascade 
2026-05-27T21:16:36.416+02:00 DEBUG 36661 --- [demo] [main] org.hibernate.SQL                        : 
    drop sequence if exists transactions_seq
2026-05-27T21:16:36.417+02:00  INFO 36661 --- [demo] [main] com.zaxxer.hikari.HikariDataSource       : HikariPool-1 - Shutdown initiated...
2026-05-27T21:16:36.418+02:00  INFO 36661 --- [demo] [main] com.zaxxer.hikari.HikariDataSource       : HikariPool-1 - Shutdown completed.
2026-05-27T21:16:36.421+02:00  INFO 36661 --- [demo] [main] .s.b.a.l.ConditionEvaluationReportLogger : 

Error starting ApplicationContext. To display the condition evaluation report re-run your application with 'debug' enabled.
2026-05-27T21:16:36.425+02:00 ERROR 36661 --- [demo] [main] o.s.b.d.LoggingFailureAnalysisReporter   : 

***************************
APPLICATION FAILED TO START
***************************

Description:

Web server failed to start. Port 8082 was already in use.

Action:

Identify and stop the process that's listening on port 8082 or configure this application to listen on another port.

2026-05-27T21:16:57.326+02:00  INFO 36518 --- [demo] [SpringApplicationShutdownHook] o.s.boot.tomcat.GracefulShutdown         : Commencing graceful shutdown. Waiting for active requests to complete
2026-05-27T21:16:57.330+02:00  INFO 36518 --- [demo] [tomcat-shutdown] o.s.boot.tomcat.GracefulShutdown         : Graceful shutdown complete
2026-05-27T21:16:57.333+02:00  INFO 36518 --- [demo] [SpringApplicationShutdownHook] j.LocalContainerEntityManagerFactoryBean : Closing JPA EntityManagerFactory for persistence unit 'default'
2026-05-27T21:16:57.334+02:00 DEBUG 36518 --- [demo] [SpringApplicationShutdownHook] org.hibernate.SQL                        : 
    drop table if exists transactions cascade 
2026-05-27T21:16:57.334+02:00 DEBUG 36518 --- [demo] [SpringApplicationShutdownHook] org.hibernate.SQL                        : 
    drop sequence if exists transactions_seq
2026-05-27T21:16:57.335+02:00  INFO 36518 --- [demo] [SpringApplicationShutdownHook] com.zaxxer.hikari.HikariDataSource       : HikariPool-1 - Shutdown initiated...
2026-05-27T21:16:57.336+02:00  INFO 36518 --- [demo] [SpringApplicationShutdownHook] com.zaxxer.hikari.HikariDataSource       : HikariPool-1 - Shutdown completed.
2026-05-27T21:16:58.214+02:00  INFO 36686 --- [demo] [main] com.zsigmond.analytics.DemoApplication   : Starting DemoApplication using Java 26.0.1 with PID 36686 (/Users/selleizsigmond/Downloads/demo/target/classes started by selleizsigmond in /Users/selleizsigmond/Downloads/demo)
2026-05-27T21:16:58.215+02:00  INFO 36686 --- [demo] [main] com.zsigmond.analytics.DemoApplication   : No active profile set, falling back to 1 default profile: "default"
2026-05-27T21:16:58.364+02:00  INFO 36686 --- [demo] [main] .s.d.r.c.RepositoryConfigurationDelegate : Bootstrapping Spring Data JPA repositories in DEFAULT mode.
2026-05-27T21:16:58.375+02:00  INFO 36686 --- [demo] [main] .s.d.r.c.RepositoryConfigurationDelegate : Finished Spring Data repository scanning in 9 ms. Found 1 JPA repository interface.
2026-05-27T21:16:58.484+02:00  INFO 36686 --- [demo] [main] o.s.boot.tomcat.TomcatWebServer          : Tomcat initialized with port 8091 (http)
2026-05-27T21:16:58.488+02:00  INFO 36686 --- [demo] [main] o.apache.catalina.core.StandardService   : Starting service [Tomcat]
2026-05-27T21:16:58.488+02:00  INFO 36686 --- [demo] [main] o.apache.catalina.core.StandardEngine    : Starting Servlet engine: [Apache Tomcat/11.0.21]
2026-05-27T21:16:58.498+02:00  INFO 36686 --- [demo] [main] b.w.c.s.WebApplicationContextInitializer : Root WebApplicationContext: initialization completed in 272 ms
2026-05-27T21:16:58.537+02:00  INFO 36686 --- [demo] [main] com.zaxxer.hikari.HikariDataSource       : HikariPool-1 - Starting...
2026-05-27T21:16:58.584+02:00  INFO 36686 --- [demo] [main] com.zaxxer.hikari.pool.HikariPool        : HikariPool-1 - Added connection conn0: url=jdbc:h2:mem:f947aa61-5e77-404d-9402-66720259811b user=SA
2026-05-27T21:16:58.585+02:00  INFO 36686 --- [demo] [main] com.zaxxer.hikari.HikariDataSource       : HikariPool-1 - Start completed.
2026-05-27T21:16:58.596+02:00  INFO 36686 --- [demo] [main] org.hibernate.orm.jpa                    : HHH008540: Processing PersistenceUnitInfo [name: default]
2026-05-27T21:16:58.610+02:00  INFO 36686 --- [demo] [main] org.hibernate.orm.core                   : HHH000001: Hibernate ORM core version 7.2.12.Final
2026-05-27T21:16:58.709+02:00  INFO 36686 --- [demo] [main] o.s.o.j.p.SpringPersistenceUnitInfo      : No LoadTimeWeaver setup: ignoring JPA class transformer
2026-05-27T21:16:58.731+02:00  INFO 36686 --- [demo] [main] org.hibernate.orm.connections.pooling    : HHH10001005: Database info:
	Database JDBC URL [jdbc:h2:mem:f947aa61-5e77-404d-9402-66720259811b]
	Database driver: H2 JDBC Driver
	Database dialect: H2Dialect
	Database version: 2.4.240
	Default catalog/schema: F947AA61-5E77-404D-9402-66720259811B/PUBLIC
	Autocommit mode: undefined/unknown
	Isolation level: READ_COMMITTED [default READ_COMMITTED]
	JDBC fetch size: 100
	Pool: DataSourceConnectionProvider
	Minimum pool size: undefined/unknown
	Maximum pool size: undefined/unknown
2026-05-27T21:16:58.901+02:00 DEBUG 36686 --- [demo] [main] org.hibernate.SQL                        : 
    create global temporary table HTE_transactions(amount numeric(38, 2), rn_ integer not null, id bigint, category varchar(255), primary key (rn_)) transactional
2026-05-27T21:16:58.935+02:00  INFO 36686 --- [demo] [main] org.hibernate.orm.core                   : HHH000489: No JTA platform available (set 'hibernate.transaction.jta.platform' to enable JTA platform integration)
2026-05-27T21:16:58.940+02:00 DEBUG 36686 --- [demo] [main] org.hibernate.SQL                        : 
    drop table if exists transactions cascade 
2026-05-27T21:16:58.940+02:00 DEBUG 36686 --- [demo] [main] org.hibernate.SQL                        : 
    drop sequence if exists transactions_seq
2026-05-27T21:16:58.941+02:00 DEBUG 36686 --- [demo] [main] org.hibernate.SQL                        : 
    create sequence transactions_seq start with 1 increment by 50
2026-05-27T21:16:58.942+02:00 DEBUG 36686 --- [demo] [main] org.hibernate.SQL                        : 
    create table transactions (
        amount numeric(38,2),
        id bigint not null,
        category varchar(255),
        primary key (id)
    )
2026-05-27T21:16:58.944+02:00  INFO 36686 --- [demo] [main] j.LocalContainerEntityManagerFactoryBean : Initialized JPA EntityManagerFactory for persistence unit 'default'
2026-05-27T21:16:58.966+02:00  INFO 36686 --- [demo] [main] o.s.d.j.r.query.QueryEnhancerFactories   : Hibernate is in classpath; If applicable, HQL parser will be used.
2026-05-27T21:16:59.000+02:00  WARN 36686 --- [demo] [main] JpaBaseConfiguration$JpaWebConfiguration : spring.jpa.open-in-view is enabled by default. Therefore, database queries may be performed during view rendering. Explicitly configure spring.jpa.open-in-view to disable this warning
2026-05-27T21:16:59.081+02:00  INFO 36686 --- [demo] [main] o.s.boot.tomcat.TomcatWebServer          : Tomcat started on port 8091 (http) with context path '/'
2026-05-27T21:16:59.083+02:00  INFO 36686 --- [demo] [main] com.zsigmond.analytics.DemoApplication   : Started DemoApplication in 0.983 seconds (process running for 1.157)
2026-05-27T21:19:38.654+02:00  INFO 36686 --- [demo] [http-nio-8091-exec-1] o.a.c.c.C.[Tomcat].[localhost].[/]       : Initializing Spring DispatcherServlet 'dispatcherServlet'
2026-05-27T21:19:38.654+02:00  INFO 36686 --- [demo] [http-nio-8091-exec-1] o.s.web.servlet.DispatcherServlet        : Initializing Servlet 'dispatcherServlet'
2026-05-27T21:19:38.655+02:00  INFO 36686 --- [demo] [http-nio-8091-exec-1] o.s.web.servlet.DispatcherServlet        : Completed initialization in 0 ms
2026-05-27T21:19:38.734+02:00 DEBUG 36686 --- [demo] [http-nio-8091-exec-1] org.hibernate.SQL                        : 
    select
        t1_0.id,
        t1_0.amount,
        t1_0.category 
    from
        transactions t1_0
2026-05-27T21:26:51.363+02:00  INFO 36686 --- [demo] [SpringApplicationShutdownHook] o.s.boot.tomcat.GracefulShutdown         : Commencing graceful shutdown. Waiting for active requests to complete
2026-05-27T21:26:51.366+02:00  INFO 36686 --- [demo] [tomcat-shutdown] o.s.boot.tomcat.GracefulShutdown         : Graceful shutdown complete
2026-05-27T21:26:51.368+02:00  INFO 36686 --- [demo] [SpringApplicationShutdownHook] j.LocalContainerEntityManagerFactoryBean : Closing JPA EntityManagerFactory for persistence unit 'default'
2026-05-27T21:26:51.369+02:00 DEBUG 36686 --- [demo] [SpringApplicationShutdownHook] org.hibernate.SQL                        : 
    drop table if exists transactions cascade 
2026-05-27T21:26:51.370+02:00 DEBUG 36686 --- [demo] [SpringApplicationShutdownHook] org.hibernate.SQL                        : 
    drop sequence if exists transactions_seq
2026-05-27T21:26:51.370+02:00  INFO 36686 --- [demo] [SpringApplicationShutdownHook] com.zaxxer.hikari.HikariDataSource       : HikariPool-1 - Shutdown initiated...
2026-05-27T21:26:51.371+02:00  INFO 36686 --- [demo] [SpringApplicationShutdownHook] com.zaxxer.hikari.HikariDataSource       : HikariPool-1 - Shutdown completed.
